   5.0000000000000000        1.7777080870240356        2.7249484682904033      -0.12650700440437335       0.86192455778323473     
   4.9017486727455211        1.7764905382533154        2.8979600239545409       -6.3878912057331386E-002  0.81721322617917991     
   4.8034973454911558        1.7727382560763427        3.0854352207705613        9.4482256088008283E-004  0.77657475040292945     
   4.7052460182369176        1.7697489385629332        3.2914318698479819       -1.9383942748874412E-002  0.73752966986419899     
   4.6069946909823107        1.7674467823401461        3.5114846415299730       -4.0574746543207134E-002  0.70063959567108680     
   4.5087433637276986        1.7661390397280479        3.7071494109677690       -8.4399346466107278E-002  0.67159253525122420     
   4.4104920364734657        1.7657544883741894        3.9149891064825901      -0.12992131833309822       0.64460329261687010     
   4.3122407092191972        1.7662204379307187        4.1803291729266254      -0.15574451078310148       0.61196288591601400     
   4.2139893819646206        1.7674132863948000        4.4639010426166612      -0.18290115885089989       0.58131057391016983     
   4.1157380547101994        1.7691493451274511        4.6998960512458083      -0.21361708840220858       0.56008242347544790     
   4.0174867274557773        1.7713512092033978        4.9487274639504104      -0.24566729538813817       0.54004486274328534     
   3.9192354002013698        1.7738662358267014        5.1949069357703541      -0.27765793446236392       0.52185324365311003     
   3.8209840729469331        1.7766093772392200        5.4536566004237743      -0.31100379193443928       0.50470567921667520     
   3.7227327456925252        1.7794356367899453        5.7802315450198147      -0.30841911767597330       0.48096299190904535     
   3.6244814184380889        1.7822333660745389        6.1265733989220577      -0.30572159947238009       0.45831958440793724     
   3.5262300911837201        1.7848809186582888        6.3968365243642138      -0.31813649500844121       0.44340158753298659     
   3.4279787639292452        1.7873756758310240        6.6790201867475902      -0.33104481863730401       0.42904479321271810     
   3.3297274366747760        1.7896219146775081        6.9954989467886364      -0.33142095545664640       0.41274735969021892     
   3.2314761094204010        1.7915309319063470        7.3270751838125916      -0.33179756135159566       0.39706393781517463     
   3.1332247821660228        1.7930099001884663        7.6588969859730867      -0.31743235899094285       0.38126602802673609     
   3.0349734549115568        1.7940242582391317        8.0061926103131231      -0.30242034848263832       0.36609191141365988     
   2.9367221276571720        1.7944987098825032        8.3709966329711261      -0.27272976122424658       0.35042769459585660     
   2.8384708004027130        1.7943563699851299        8.7534371937118980      -0.24167595567959407       0.33553585049228785     
   2.7402194731482861        1.7934469660668011        9.2279518919288073      -0.17961668912418638       0.31791265267600194     
   2.6419681458938680        1.7916551047721652        9.7312565648244416      -0.11407524891670136       0.30184683786679400     
   2.5437168186395551        1.7889028276125172        10.117097221981366       -4.8998005521164414E-002  0.29064199401982838     
   2.4454654913850238        1.7852615006629085        10.520841821190679        1.8800482936081563E-002  0.28060368151393922     
   2.3472141641306021        1.7806719241056612        11.084929925337448       0.17478731774290454       0.27138520443496045     
   2.2489628368761800        1.7749233532375541        11.691992211576389       0.34027353725303167       0.26681942256942742     
   2.1507115096216700        1.7678505378216547        12.153259125252250       0.52868619656067062       0.27124575921419775     
   2.0524601823673350        1.7595257983422934        12.648455209993651       0.72607989533596606       0.28125227687492382     
   1.9542088551129451        1.7499101188728658        13.282106391867718        1.0195657246650920       0.30798325153606354     
   1.8559575278584921        1.7387149574815575        13.980542408148535        1.3325862060184492       0.34676908820678570     
   1.7577062006041240        1.7256399790821397        14.548659394792908        1.6425160311975959       0.39731503568907767     
   1.6594548733496470        1.7107501208138947        15.171223952300288        1.9705822140254361       0.45982310671275078     
   1.5612035460952201        1.6938406119068865        15.959189947180374        2.4313698206224723       0.56535082034646944     
   1.4629522188408031        1.6747537246483535        16.847189460877612        2.9297990645941439       0.69524399028375883     
   1.3647008915863570        1.6534486669868018        17.324651593810632        3.4806751480811680       0.88065343618428238     
   1.2664495643319591        1.6297027860129307        17.907366398967888        4.0712556512550071        1.1017710922959809     
   1.1681982370774420        1.6029937591545016        18.626294740544353        4.8223190834779084        1.4186251153816876     
   1.0699469098231140        1.5733646889959447        19.511826308490694        5.6497124797714262        1.7990399987630894     
  0.97179187534480249        1.5409568047855107        21.033074146136034        6.8177300660826488        2.3638894056070341     
  0.87363684086671523        1.5054227844647392        22.873252060451978        8.1676540217322486        3.0605642395869821     
  0.78944553074868296        1.4721571859498155        24.447788938386452        9.5709594845212056        3.8829825688034001     
  0.70525422063059651        1.4364538853023960        26.361193901598764        11.190906823791394        4.8782456121677260     
  0.64504198524776335        1.4092836250400826        27.516621483739549        12.401268806330560        5.7119554621587998     
  0.58482974986485203        1.3806741412121972        28.867014544433768        13.748430956217597        6.6658786213734063     
  0.54178634241799717        1.3592176893363457        31.960910886495984        15.947114268764844        8.0651331994851763     
  0.49874293497105621        1.3366898740398683        35.538001097795878        18.493568747242918        9.7227014990406904     
  0.46797286722375908        1.3199132126085669        35.881473956086467        19.258100967134315        10.433866300861691     
  0.43720279947644691        1.3028638045597494        36.295272950441110        20.071805403863998        11.196504491407202     
  0.41510405424705787        1.2905015252167329        39.831696730194238        22.366088644121639        12.647856321030835     
  0.39300530901768932        1.2777766783001514        43.748135514830487        24.918278907055868        14.275022013230620     
  0.37335504356680799        1.2660454628172269        44.671107341394254        26.197024101013447        15.443223359975825     
  0.35370477811592060        1.2540985467874921        45.706968455291872        27.569969322585717        16.708215323372198     
  0.33405451266506070        1.2420729380591018        46.049635503837415        27.987798266932057        17.087859096630567     
  0.31440424721415111        1.2299539176721404        46.402021167253736        28.414086825988335        17.476121065343644     
  0.29475398176326723        1.2177031250012036        48.932389743502348        30.533491929129145        19.125924085478829     
  0.27510371631238240        1.2052153705889666        51.659499297473936        32.822386759824440        20.923706854907405     
  0.25545345086148252        1.1923430519457572        53.173185998172315        34.640824560613837        22.635200744756339     
  0.23580318541061371        1.1791455007782927        54.832781174224088        36.597189502091453        24.491793592688900     
  0.21615291995969169        1.1657602030365051        57.859526460408141        39.151877151733352        26.555244661744251     
  0.19650265450884419        1.1521205367044143        61.099204720023948        41.894894598959830        28.785843025695769     
  0.17685238905796741        1.1381197291095562        61.712631143767759        43.321127940548720        30.468865457833292     
  0.15720212360707550        1.1239974945767908        62.439354716139640        44.849537306588296        32.272252243182329     
  0.13755185815618279        1.1098421529423359        69.849436886525439        50.496564400443660        36.557009650076971     
  0.11790159270530599        1.0952382693092457        78.167147386526224        56.853003412073626        41.396591156010665     
   9.8251327254415877E-002   1.0800861345642998        76.388116152158517        57.476517829952094        43.293454676414044     
   7.8601061803537320E-002   1.0649181198556801        74.920781816234523        58.292300293222603        45.401472795481006     
   5.8950796352672967E-002   1.0499020524188190        79.380270147641625        64.593404923693484        52.605207781693544     
   3.9300530901768660E-002   1.0345311822773042        84.766321662836830        71.965016732205839        61.138165643391744     
   1.9650265450860790E-002   1.0179195448588434        68.460458760177147        57.299725126671262        48.008392903036487     
   0.0000000000000000        1.0000000000000000        55.401862078787666        45.638867978195357        37.656682565588042     
  -1.9514932173861362E-002   1.0000000000000000        7.4553438644100076        1.5680458890767563       0.75984383353217422     
  -3.9029864347723257E-002   1.0000000000000000        35.529631897060426       -17.948100483745961        9.1531540816480188     
  -5.8544796521583328E-002   1.0000000000000000        17.351402166688509       -4.9261810625850160        1.5748729255932110     
  -7.8059728695443850E-002   1.0000000000000000        14.397117732773680       0.31737021938838045       0.21843948690156298     
  -9.7574660869307550E-002   1.0000000000000000        16.220511880665022      -0.18113839889476382       0.19234862729881952     
 -0.11708959304316401        1.0000000000000000        18.405678953158482      -0.75938713622566334       0.20143051568026163     
 -0.13660452521702371        1.0000000000000000        20.342263185758732       -1.4061373325264073       0.25213825224678121     
 -0.15611945739088409        1.0000000000000000        22.615177962537498       -2.1461508400422797       0.34397205655900542     
 -0.17563438956474819        1.0000000000000000        22.548812959313395       -1.9553000167543304       0.31030894950982441     
 -0.19514932173861499        1.0000000000000000        22.495044348285315       -1.7662075152636054       0.27980669425075899     
 -0.21466425391248939        1.0000000000000000        22.641472493712811       -1.7899771861915745       0.28174197087109676     
 -0.23417918608636759        1.0000000000000000        22.788916796111852       -1.8139252199777893       0.28371770747409825     
 -0.25369411826024330        1.0000000000000000        22.740757770628012       -1.8098091312937870       0.28362736770985186     
 -0.27320905043412380        1.0000000000000000        22.692700609763097       -1.8057018106754554       0.28353826923993275     
 -0.29272398260800470        1.0000000000000000        22.671925403408967       -1.7940515025357739       0.28189567481238009     
 -0.31223891478187998        1.0000000000000000        22.651206172701226       -1.7824185888104271       0.28026411635442011     
 -0.33175384695575649        1.0000000000000000        22.617211226387489       -1.7728149861387870       0.27917455286762394     
 -0.35126877912963622        1.0000000000000000        22.583285786405721       -1.7632297920532773       0.27809189570220261     
 -0.37078371130350779        1.0000000000000000        22.597223525663082       -1.7549009380295804       0.27665678339822669     
 -0.39029864347735871        1.0000000000000000        22.611201593294865       -1.7465673342570989       0.27522835936817791     
 -0.41181375893208277        1.0000000000000000        22.625333473203280       -1.7454558151230322       0.27493708276315204     
 -0.43332887438680701        1.0000000000000000        22.639475849035438       -1.7443430925981962       0.27464598557924713     
 -0.46308341771009831        1.0000000000000000        22.724671872257485       -1.7417090261343737       0.27332584958792577     
 -0.49283796103338962        1.0000000000000000        22.810216055099914       -1.7390558679324200       0.27200921252531540     
 -0.53436466706184516        1.0000000000000000        22.862249613653031       -1.7425671367616997       0.27199927016844261     
 -0.57589137309030136        1.0000000000000000        22.914401855379314       -1.7460859643613802       0.27199023199462458     
 -0.63384780128546858        1.0000000000000000        22.983120616191197       -1.7381179428509332       0.27012973795697315     
 -0.69180422948064546        1.0000000000000000        23.052105049568667       -1.7301152876885968       0.26827773993404946     
 -0.77274675203359200        1.0000000000000000        23.129922676336736       -1.7165211380714473       0.26551805911646881     
 -0.85368927458653476        1.0000000000000000        23.208133228339516       -1.7028662360403890       0.26277965171975831     
 -0.95109802859381576        1.0000000000000000        23.462673612822030       -1.7321372279636826       0.26453234552090160     
  -1.0485067826010950        1.0000000000000000        23.720055879475485       -1.7617687166353002       0.26634204098966907     
  -1.1460814434704309        1.0000000000000000        23.800956753494447       -1.7633846535702629       0.26578382651119375     
  -1.2436561043398759        1.0000000000000000        23.882139080802848       -1.7650012560932360       0.26522667099983860     
  -1.3412307652093070        1.0000000000000000        23.870122420946092       -1.7678510398063541       0.26559453792060472     
  -1.4388054260786569        1.0000000000000000        23.858116786985917       -1.7706973657516218       0.26596308067456081     
  -1.5363800869483710        1.0000000000000000        23.860408421157260       -1.7636912818764865       0.26479164996664717     
  -1.6339547478184291        1.0000000000000000        23.862718047186345       -1.7566879094356331       0.26362484550716453     
  -1.7315294086885411        1.0000000000000000        23.949575627718371       -1.7495449678308019       0.26168411493939742     
  -1.8291040695586540        1.0000000000000000        24.036809399877221       -1.7423657056623898       0.25975235242351596     
  -1.9266787304287889        1.0000000000000000        24.049837413825006       -1.7587861083917733       0.26211550521726601     
  -2.0242533912988780        1.0000000000000000        24.062956620857751       -1.7752290709081586       0.26450093216075882     
  -2.1218280521689632        1.0000000000000000        24.081060296272952       -1.7892004039799987       0.26641838383009042     
  -2.2194027130391021        1.0000000000000000        24.099234184872547       -1.8031908764552782       0.26835125400652293     
  -2.3169773739092139        1.0000000000000000        24.030599510779762       -1.7839168668736975       0.26604423233768459     
  -2.4145520347793261        1.0000000000000000        23.962233167467883       -1.7647213436575384       0.26376389666784977     
  -2.5121266956493411        1.0000000000000000        23.983786012468247       -1.7643788597454977       0.26349281399724311     
  -2.6097013565195510        1.0000000000000000        24.005359395614065       -1.7640356151430596       0.26322189286770037     
  -2.7072760173897392        1.0000000000000000        23.981786896621461       -1.7625556446168003       0.26323388543666754     
  -2.8048506782597760        1.0000000000000000        23.958237546909945       -1.7610770256821611       0.26324603513208272     
  -2.9024253391298882        1.0000000000000000        23.949523610041062       -1.7648441072446004       0.26389656766316921     
  -3.0000000000000000        1.0000000000000000        23.940819511348533       -1.7686099403495190       0.26454846608227356     
