  5.00000000E+00  1.70475706E+00  2.41414068E+00 -9.35039924E-02  9.03765030E-01
  4.90174867E+00  1.70346574E+00  2.55845143E+00 -4.79056060E-02  8.62767255E-01
  4.80349735E+00  1.70009024E+00  2.71326808E+00 -8.48144375E-04  8.24653042E-01
  4.70524602E+00  1.69760245E+00  2.88802134E+00 -2.06075872E-02  7.86190446E-01
  4.60699469E+00  1.69587190E+00  3.07432226E+00 -4.11418644E-02  7.49721007E-01
  4.50874336E+00  1.69511236E+00  3.23892593E+00 -7.75575028E-02  7.20735223E-01
  4.41049204E+00  1.69524504E+00  3.41323850E+00 -1.15266341E-01  6.93522127E-01
  4.31224071E+00  1.69617693E+00  3.63559264E+00 -1.37236709E-01  6.60867188E-01
  4.21398938E+00  1.69778317E+00  3.87261929E+00 -1.60257842E-01  6.30016292E-01
  4.11573805E+00  1.69988551E+00  4.06873756E+00 -1.86255877E-01  6.08426226E-01
  4.01748673E+00  1.70241799E+00  4.27505961E+00 -2.13295248E-01  5.87905340E-01
  3.91923540E+00  1.70524459E+00  4.48218519E+00 -2.40803685E-01  5.68859828E-01
  3.82098407E+00  1.70828886E+00  4.69960231E+00 -2.69406696E-01  5.50785655E-01
  3.72273275E+00  1.71142031E+00  4.97446504E+00 -2.70174125E-01  5.26848944E-01
  3.62448142E+00  1.71453971E+00  5.26550233E+00 -2.71010356E-01  5.03950553E-01
  3.52623009E+00  1.71754627E+00  5.49276225E+00 -2.85918640E-01  4.88776024E-01
  3.42797876E+00  1.72044334E+00  5.72984669E+00 -3.01395956E-01  4.74165946E-01
  3.32972744E+00  1.72314729E+00  5.99790751E+00 -3.08014201E-01  4.57645834E-01
  3.23147611E+00  1.72557776E+00  6.27852415E+00 -3.14908526E-01  4.41730735E-01
  3.13322478E+00  1.72765469E+00  6.56288126E+00 -3.11382425E-01  4.25707651E-01
  3.03497345E+00  1.72934837E+00  6.86027022E+00 -3.07698171E-01  4.10252056E-01
  2.93672213E+00  1.73059290E+00  7.17429348E+00 -2.93826087E-01  3.94204383E-01
  2.83847080E+00  1.73131771E+00  7.50310608E+00 -2.79332797E-01  3.78783394E-01
  2.74021947E+00  1.73138263E+00  7.90938733E+00 -2.41910348E-01  3.60070021E-01
  2.64196815E+00  1.73067498E+00  8.33920292E+00 -2.02468627E-01  3.42481994E-01
  2.54371682E+00  1.72912059E+00  8.68291267E+00 -1.63334201E-01  3.29130028E-01
  2.44546549E+00  1.72678811E+00  9.04204072E+00 -1.22567510E-01  3.16559069E-01
  2.34721416E+00  1.72361706E+00  9.54105361E+00 -8.38086375E-03  3.01462786E-01
  2.24896284E+00  1.71939939E+00  1.00757588E+01  1.12599359E-01  2.89611852E-01
  2.15071151E+00  1.71397195E+00  1.05106257E+01  2.55476976E-01  2.84151098E-01
  2.05246018E+00  1.70740244E+00  1.09746510E+01  4.05251591E-01  2.82615876E-01
  1.95420886E+00  1.69964662E+00  1.15625706E+01  6.39364312E-01  2.91497204E-01
  1.85595753E+00  1.69041675E+00  1.22060030E+01  8.88869662E-01  3.09376371E-01
  1.75770620E+00  1.67942184E+00  1.27491765E+01  1.13531849E+00  3.36302157E-01
  1.65945487E+00  1.66671986E+00  1.33385412E+01  1.39599279E+00  3.71850499E-01
  1.56120355E+00  1.65208329E+00  1.40819656E+01  1.77579083E+00  4.39185255E-01
  1.46295222E+00  1.63536218E+00  1.49119272E+01  2.18582302E+00  5.25024360E-01
  1.36470089E+00  1.61653586E+00  1.54035804E+01  2.66466628E+00  6.60013988E-01
  1.26644956E+00  1.59535791E+00  1.59865190E+01  3.17684174E+00  8.24029108E-01
  1.16819824E+00  1.57126954E+00  1.67104451E+01  3.83670847E+00  1.06624272E+00
  1.06994691E+00  1.54431584E+00  1.75825259E+01  4.56148929E+00  1.36046162E+00
  9.71791875E-01  1.51465158E+00  1.89446087E+01  5.56805603E+00  1.80394450E+00
  8.73636841E-01  1.48193040E+00  2.05866816E+01  6.72535345E+00  2.35403964E+00
  7.89445531E-01  1.45111526E+00  2.20248061E+01  7.94989123E+00  3.01785587E+00
  7.05254221E-01  1.41788072E+00  2.37663965E+01  9.35819013E+00  3.82382181E+00
  6.45041985E-01  1.39247600E+00  2.48154456E+01  1.04280413E+01  4.51617361E+00
  5.84829750E-01  1.36562331E+00  2.60429229E+01  1.16167709E+01  5.31048040E+00
  5.41786342E-01  1.34541267E+00  2.87291931E+01  1.34760038E+01  6.43983901E+00
  4.98742935E-01  1.32413431E+00  3.18297990E+01  1.56220990E+01  7.77627596E+00
  4.67972867E-01  1.30826428E+00  3.21811190E+01  1.63209043E+01  8.38486727E+00
  4.37202799E-01  1.29211490E+00  3.25971053E+01  1.70633859E+01  9.03812799E+00
  4.15104054E-01  1.28038166E+00  3.56265664E+01  1.89678351E+01  1.01968934E+01
  3.93005309E-01  1.26828361E+00  3.89710868E+01  2.10796238E+01  1.14930459E+01
  3.73355044E-01  1.25712123E+00  3.98117831E+01  2.21997222E+01  1.24679351E+01
  3.53704778E-01  1.24574564E+00  4.07530150E+01  2.34003669E+01  1.35233516E+01
  3.34054513E-01  1.23428324E+00  4.10770416E+01  2.37925618E+01  1.38671268E+01
  3.14404247E-01  1.22271822E+00  4.14113026E+01  2.41932840E+01  1.42194008E+01
  2.94753982E-01  1.21101129E+00  4.35752542E+01  2.59814728E+01  1.55726770E+01
  2.75103716E-01  1.19906062E+00  4.59072705E+01  2.79106722E+01  1.70467476E+01
  2.55453451E-01  1.18672514E+00  4.71984219E+01  2.94673870E+01  1.84728899E+01
  2.35803185E-01  1.17406168E+00  4.86187026E+01  3.11414245E+01  2.00201351E+01
  2.16152920E-01  1.16120173E+00  5.12614845E+01  3.33258884E+01  2.17353520E+01
  1.96502655E-01  1.14807795E+00  5.40913630E+01  3.56715994E+01  2.35904850E+01
  1.76852389E-01  1.13458616E+00  5.46638467E+01  3.69786666E+01  2.50802652E+01
  1.57202124E-01  1.12096158E+00  5.53466506E+01  3.83818227E+01  2.66811065E+01
  1.37551858E-01  1.10728132E+00  6.17464953E+01  4.31579333E+01  3.02229340E+01
  1.17901593E-01  1.09313380E+00  6.89174285E+01  4.85266273E+01  3.42205761E+01
  9.82513273E-02  1.07842569E+00  6.75346534E+01  4.93052462E+01  3.60486346E+01
  7.86010618E-02  1.06368243E+00  6.64405792E+01  5.02638743E+01  3.80783307E+01
  5.89507964E-02  1.04906325E+00  7.02065295E+01  5.57017442E+01  4.42431700E+01
  3.93005309E-02  1.03405465E+00  7.48084096E+01  6.20801738E+01  5.15638415E+01
  1.96502655E-02  1.01772972E+00  6.06179740E+01  4.98676143E+01  4.10795268E+01
  0.00000000E+00  1.00000000E+00  4.91696514E+01  4.00574779E+01  3.27010651E+01
 -1.95149322E-02  1.00000000E+00  7.22639745E+00  1.56102128E+00  7.72579527E-01
 -3.90298643E-02  1.00000000E+00  3.02063684E+01 -1.50593606E+01  7.60718045E+00
 -5.85447965E-02  1.00000000E+00  1.57557204E+01 -4.48800204E+00  1.46755657E+00
 -7.80597287E-02  1.00000000E+00  1.30896001E+01  8.89714743E-02  2.26714610E-01
 -9.75746609E-02  1.00000000E+00  1.46807067E+01 -3.39695978E-01  2.12660494E-01
 -1.17089593E-01  1.00000000E+00  1.65576892E+01 -8.33216788E-01  2.26392250E-01
 -1.36604525E-01  1.00000000E+00  1.82792548E+01 -1.41938835E+00  2.78594535E-01
 -1.56119457E-01  1.00000000E+00  2.02896207E+01 -2.08772908E+00  3.67684868E-01
 -1.75634390E-01  1.00000000E+00  2.02426518E+01 -1.91984544E+00  3.35352600E-01
 -1.95149322E-01  1.00000000E+00  2.02060756E+01 -1.75340224E+00  3.05753816E-01
 -2.14664254E-01  1.00000000E+00  2.03318880E+01 -1.76897386E+00  3.06582269E-01
 -2.34179186E-01  1.00000000E+00  2.04584955E+01 -1.78464876E+00  3.07430312E-01
 -2.53694118E-01  1.00000000E+00  2.04222933E+01 -1.78181220E+00  3.07445061E-01
 -2.73209050E-01  1.00000000E+00  2.03861551E+01 -1.77898041E+00  3.07460529E-01
 -2.92723983E-01  1.00000000E+00  2.03739609E+01 -1.76831500E+00  3.05731094E-01
 -3.12238915E-01  1.00000000E+00  2.03618100E+01 -1.75766192E+00  3.04012265E-01
 -3.31753847E-01  1.00000000E+00  2.03368226E+01 -1.74911008E+00  3.02914395E-01
 -3.51268779E-01  1.00000000E+00  2.03118826E+01 -1.74057184E+00  3.01822653E-01
 -3.70783711E-01  1.00000000E+00  2.03291199E+01 -1.73341316E+00  3.00388229E-01
 -3.90298643E-01  1.00000000E+00  2.03463999E+01 -1.72624838E+00  2.98959624E-01
 -4.11813759E-01  1.00000000E+00  2.03615574E+01 -1.72499010E+00  2.98590931E-01
 -4.33328874E-01  1.00000000E+00  2.03767285E+01 -1.72373025E+00  2.98222505E-01
 -4.63083418E-01  1.00000000E+00  2.04602583E+01 -1.72191198E+00  2.96849453E-01
 -4.92837961E-01  1.00000000E+00  2.05441572E+01 -1.72007697E+00  2.95479924E-01
 -5.34364667E-01  1.00000000E+00  2.05989455E+01 -1.72350808E+00  2.95364784E-01
 -5.75891373E-01  1.00000000E+00  2.06538801E+01 -1.72694722E+00  2.95250710E-01
 -6.33847801E-01  1.00000000E+00  2.07321861E+01 -1.72142148E+00  2.93420169E-01
 -6.91804229E-01  1.00000000E+00  2.08108404E+01 -1.71586267E+00  2.91596279E-01
 -7.72746752E-01  1.00000000E+00  2.08820353E+01 -1.70549870E+00  2.89106790E-01
 -8.53689275E-01  1.00000000E+00  2.09535690E+01 -1.69508656E+00  2.86632316E-01
 -9.51098029E-01  1.00000000E+00  2.11744318E+01 -1.71906230E+00  2.87871009E-01
 -1.04850678E+00  1.00000000E+00  2.13976429E+01 -1.74331011E+00  2.89151338E-01
 -1.14608144E+00  1.00000000E+00  2.14693581E+01 -1.74492200E+00  2.88586562E-01
 -1.24365610E+00  1.00000000E+00  2.15413191E+01 -1.74653476E+00  2.88022775E-01
 -1.34123077E+00  1.00000000E+00  2.15248803E+01 -1.74814732E+00  2.88262709E-01
 -1.43880543E+00  1.00000000E+00  2.15084573E+01 -1.74975654E+00  2.88502896E-01
 -1.53638009E+00  1.00000000E+00  2.15090554E+01 -1.74175608E+00  2.87086977E-01
 -1.63395475E+00  1.00000000E+00  2.15096774E+01 -1.73375973E+00  2.85677515E-01
 -1.73152941E+00  1.00000000E+00  2.15916792E+01 -1.72692046E+00  2.83590897E-01
 -1.82910407E+00  1.00000000E+00  2.16740561E+01 -1.72004504E+00  2.81513837E-01
 -1.92667873E+00  1.00000000E+00  2.16792495E+01 -1.73662460E+00  2.84158957E-01
 -2.02425339E+00  1.00000000E+00  2.16845414E+01 -1.75322038E+00  2.86829514E-01
 -2.12182805E+00  1.00000000E+00  2.17017932E+01 -1.76626287E+00  2.88767600E-01
 -2.21940271E+00  1.00000000E+00  2.17191099E+01 -1.77932390E+00  2.90720457E-01
 -2.31697737E+00  1.00000000E+00  2.16615853E+01 -1.76028900E+00  2.88194641E-01
 -2.41455203E+00  1.00000000E+00  2.16042923E+01 -1.74132707E+00  2.85697859E-01
 -2.51212670E+00  1.00000000E+00  2.16257003E+01 -1.74102894E+00  2.85391785E-01
 -2.60970136E+00  1.00000000E+00  2.16471309E+01 -1.74073002E+00  2.85085904E-01
 -2.70727602E+00  1.00000000E+00  2.16307404E+01 -1.74057087E+00  2.85230768E-01
 -2.80485068E+00  1.00000000E+00  2.16143627E+01 -1.74041152E+00  2.85375668E-01
 -2.90242534E+00  1.00000000E+00  2.16019747E+01 -1.74331640E+00  2.86009734E-01
 -3.00000000E+00  1.00000000E+00  2.15895992E+01 -1.74621960E+00  2.86644869E-01
