  0.10000000000000001        1.0000000000000000        0.0000000000000000        1.0000000000000000        1.0000000000000000        0.0000000000000000        1.0000000000000000     
  0.20000000000000001        2.1031212911211195        4.2031256865774556E-004   1.2633981177053712        1.0373429081788228      -0.11591937863193424       0.99215586703688274     
  0.30000000000000004        11.949975643333461        7.9869320632288715E-002   1.5200228387731907        1.1784411625441995      -0.23235111039729930       0.96787579607559593     
  0.40000000000000002        35.376446962300285        1.6253654311087959        1.6088920164830751        1.4071827624495066      -0.33604558890307534       0.94583308281352552     
  0.50000000000000000        46.305104012991599        6.9076489982783125        1.5395455107078380        1.7156833555558018      -0.42483484890665058       0.92457160677347905     
  0.60000000000000009        67.435738498786989        12.136440905281809        2.2073524104898663        2.0927656887439339      -0.50168256125152400       0.90448741119060228     
  0.70000000000000007        79.187873460463649        16.574694976930999        3.4912258037596402        2.5341670996216381      -0.56670350864526642       0.88579557752853411     
  0.80000000000000004        83.367212134062939        19.302007842570834        4.4910382843770487        3.0372439690401491      -0.61874583862332755       0.86913044769672143     
  0.90000000000000002        86.447640663334099        21.595501865170604        5.4166397737196306        3.5946118340497857      -0.65726217663109798       0.85515906094012428     
   1.0000000000000000        90.312042260470889        24.132347193829371        6.4699275502249227        4.1963948438928451      -0.68225871993356624       0.84442642217122954     
   1.1000000000000001        94.408907041443058        26.919100778281848        7.6968465440215184        4.8332702318028193      -0.69360631551368046       0.83748855078794682     
   1.2000000000000002        98.122801941612991        29.812904738711364        9.0795442867498490        5.4962587726984093      -0.69108954061617456       0.83489746511818763     
   1.3000000000000000        101.36286281634735        32.770709003686278        10.616498536093079        6.1760062971569978      -0.67472820793921839       0.83706850106729014     
   1.4000000000000001        104.22631783875381        35.810733238259616        12.326159262518233        6.8632899351884653      -0.64484286690588200       0.84424691420503462     
   1.5000000000000000        106.73486428634639        38.925450430318520        14.218358834710097        7.5499313946609030      -0.60197715937717566       0.85656511395864010     
   1.6000000000000001        108.83602070271320        42.065394727370908        16.281383713570879        8.2291971056311883      -0.54686660651166830       0.87408774760756591     
   1.7000000000000002        110.48756912024469        45.171210075034708        18.491100852610948        8.8956842100987625      -0.48044282364912616       0.89681955779758316     
   1.8000000000000000        111.69298508447615        48.196499742933696        20.821272940465402        9.5448774879164944      -0.40383459413683664       0.92469632472165064     
   1.9000000000000001        112.49147528950310        51.108439307003493        23.244804768275642        10.172660601168644      -0.31835230423886923       0.95757106340834053     
   2.0000000000000000        112.94236949849669        53.884122629268433        25.732980496334310        10.775140148414650      -0.22543176723342473       0.99520463716811569     
   2.1000000000000001        113.11215347394391        56.509497543170959        28.257236279263200        11.348826507255287      -0.12653753548949073        1.0372701055041171     
   2.2000000000000002        113.06223066625502        58.977025910671607        30.790697784078009        11.890910173952227       -2.3065598256020548E-002   1.0833694098087325     
   2.3000000000000003        112.84219664685345        61.282328766959488        33.308063085898723        12.399402576282887        8.3714637656351773E-002   1.1330524040589929     
   2.4000000000000004        112.49025631710680        63.422705763244615        35.785509083042491        12.873101602518322       0.19267100731988157        1.1858311711383569     
   2.5000000000000000        112.03608720199524        65.397353378812639        38.201447210109080        13.311464395415964       0.30279166429030829        1.2411900960911015     
   2.6000000000000001        111.50244936379143        67.207451299729485        40.537309463332981        13.714471214897323       0.41316437960965352        1.2985953855452943     
   2.7000000000000002        110.90587441453037        68.855649232440101        42.777762999889880        14.082517702851275       0.52296409059535121        1.3575061568702940     
   2.8000000000000003        110.25770933152960        70.345535071557421        44.910533341792252        14.416338511970102       0.63144905627418202        1.4173866554914367     
   2.9000000000000004        109.56557359928858        71.681362053949456        46.926109778122566        14.716951244851055       0.73796115029841924        1.4777180165557249     
   3.0000000000000000        108.83473377449396        72.867928685093617        48.817419275778320        14.985609241179427       0.84192652167670534        1.5380084148847699     
   3.1000000000000001        108.06918814928463        73.910549427633143        50.579539690545630        15.223756656997171       0.94285510093876101        1.5978012925851190     
   3.2000000000000002        107.27249743584120        74.815140053863573        52.209541455854982        15.432984337721024        1.0403391584785968        1.6566819985289274     
   3.3000000000000003        106.44840721447444        75.588394140439789        53.706468908915134        15.614987655357544        1.1340516012384394        1.7142834082117833     
   3.4000000000000004        105.60127254824909        76.237967180975389        55.071385359509179        15.771526749668322        1.2237437018355801        1.7702906388904724     
   3.5000000000000000        104.73628263984524        76.772582459377190        56.307385980650707        15.904388369629869        1.3092409017991438        1.8244442354068571     
   3.6000000000000001        103.85948309902125        77.202001977734170        57.419508244731979        16.015349456360639        1.3904356392023474        1.8765409201984971     
   3.7000000000000002        102.97761376733642        77.536844826321527        58.414507478322797        16.106144558229627        1.4672774695639863        1.9264313437286495     
   3.8000000000000003        102.09781423381105        77.788277493857251        59.300505436965473        16.178439841322376        1.5397619051810756        1.9740149286158151     
   3.9000000000000004        101.22726718552849        77.967630420269998        60.086553857368791        16.233815518609092        1.6079198255604705        2.0192326042600186     
   4.0000000000000000        100.37284166108314        78.086001898135692        60.782171104690754        16.273756956439279        1.6718090510322352        2.0620587628450533     
   4.1000000000000005        99.540776557508138        78.153897445467678        61.396904619849032        16.299653102581278        1.7315087797539688        2.1024937873468370     
   4.2000000000000002        98.736423254019130        78.180932015453266        61.939953727559562        16.312799601220178        1.7871163752577135        2.1405579081377386     
   4.2999999999999998        97.964055725424330        78.175607638742150        62.419870790620195        16.314403810965956        1.8387452528184214        2.1762864124303931     
   4.4000000000000004        97.226758459149607        78.145174175310345        62.844349052978743        16.305590017599155        1.8865227624278806        2.2097258762645384     
   4.5000000000000000        96.526404946065540        78.095577980150864        63.220098296154553        16.287404356229430        1.9305875431825994        2.2409311270134915     
   4.6000000000000005        95.863730470739270        78.031495903622314        63.552802306362160        16.260819509057288        1.9710863106786682        2.2699628304760058     
   4.7000000000000002        95.238483631591563        77.956441721611583        63.847147394085461        16.226739304391351        2.0081704209441331        2.2968857755041090     
   4.8000000000000007        94.649624489165902        77.872924429493182        64.106909645219403        16.186003272020301        2.0419928661130791        2.3217680028305274     
   4.9000000000000004        94.095535614868638        77.782636599643524        64.335087964095663        16.139391039901628        2.0727063631970863        2.3446807884101668     
   5.0000000000000000        93.574223546388680        77.686653758988641        64.534067052584746        16.087626247015809        2.1004627486957510        2.3656991522160333     
   5.1000000000000005        93.083498810570788        77.585627081874605        64.705789124879402        16.031379692157280        2.1254132594404687        2.3849022582971369     
   5.2000000000000002        92.621126443470416        77.479952222191955        64.851910907049472        15.971271849183845        2.1477089469949195        2.4023731092810974     
   5.3000000000000007        92.184941599106182        77.369901889653718        64.973928164630308        15.907875262343364        2.1675006544535576        2.4181973376911472     
   5.4000000000000004        91.772930183742503        77.255718783830986        65.073261197708462        15.841717267636135        2.1849384576800248        2.4324613528636183     
   5.5000000000000000        91.383279594784710        77.137673911629463        65.151305360081921        15.773283075816881        2.2001708429838343        2.4452503426972481     
   5.6000000000000005        91.014406737115294        77.016099349113048        65.209456213455326        15.703018878348603        2.2133439217656896        2.4566466036605119     
   5.7000000000000002        90.664968251971615        76.891402875209266        65.249118007963645        15.631334504228045        2.2246007409420558        2.4667284677008330     
   5.8000000000000007        90.333853333446982        76.764067602663388        65.271700338551113        15.558605338261115        2.2340805467569487        2.4755698633075025     
   5.9000000000000004        90.020159112517092        76.634638753076160        65.278606552801648        15.485173645407469        2.2419179257823227        2.4832404185553489     
   6.0000000000000000        89.723153908612062        76.503702691898027        65.271218729946682        15.411349793863829        2.2482419613027660        2.4898059738456353     
   6.1000000000000005        89.442237614292594        76.371864847949112        65.250883730510424        15.337413834807247        2.2531756281262307        2.4953293362038345     
   6.2000000000000002        89.176906504319462        76.239730773322719        65.218902170826453        15.263617578585601        2.2568355260956987        2.4998710686837491     
   6.3000000000000007        88.926724469791466        76.107890822920965        65.176519557317377        15.190186993820207        2.2593318726293536        2.5034901194017873     
   6.4000000000000004        88.691298478750369        75.976906627652582        65.124917946883926        15.117324598504942        2.2607686016718946        2.5062441731851757     
   6.5000000000000000        88.470256061538734        75.847298282498471        65.065207804947491        15.045211527178058        2.2612434846072995        2.5081897165077947     
   6.6000000000000005        88.263225849225080        75.719533678852585        64.998421683592795        14.974009106258134        2.2608482988959508        2.5093818708941735     
   6.7000000000000002        88.069823795842012        75.594022214042567        64.925511556194536        14.903859966411813        2.2596691080458253        2.5098740398016570     
   6.8000000000000007        87.889646022149080        75.471113502900380        64.847350139932928        14.834888878603447        2.2577866729199836        2.5097173831971129     
   6.9000000000000004        87.722266994484769        75.351099861469635        64.764734999666317        14.767203565063145        2.2552769497132741        2.5089601380875957     
   7.0000000000000000        87.567240545782354        75.234220374173674        64.678393477362462        14.700895703194941        2.2522115844198702        2.5076468373690437     
   7.1000000000000005        87.424101414221283        75.120664673119620        64.588986919332015        14.636042257544025        2.2486583075504774        2.5058175273554881     
   7.2000000000000002        87.292366701669536        75.010576079449933        64.497114018588391        14.572707176489558        2.2446811677506044        2.5035071370755939     
   7.3000000000000007        87.171537961443832        74.904054778047197        64.403313883920333        14.510943346186194        2.2403405878064122        2.5007451918543171     
   7.4000000000000004        87.061104128922992        74.801161342039663        64.308069207324621        14.450794492447741        2.2356932631148090        2.4975560747162295     
   7.5000000000000000        86.960544767939709        74.701920442572245        64.211809624410407        14.392296572437010        2.2307919598233168        2.4939599859647528     
   7.6000000000000005        86.869333035522729        74.606324555608168        64.114915374602930        14.335478274702403        2.2256852987129925        2.4899745865870657     
   7.7000000000000002        86.786938008938407        74.514337631728736        64.017721454301167        14.280360582561181        2.2204176144823791        2.4856170782439873     
   7.8000000000000007        86.712826842065226        74.425899152131564        63.920522633091657        14.226955771346024        2.2150289588168173        2.4809063014528747     
   7.9000000000000004        86.646467803363592        74.340929108499822        63.823579468014550        14.175266471851991        2.2095552679160311        2.4758644092685009     
   8.0000000000000000        86.587334338819858        74.259333571055564        63.727124623804180        14.125285425719065        2.2040286497184205        2.4705177999339023     
   8.0999999999999996        86.534909172874293        74.181009789917326        63.631368408847230        14.076996303678603        2.1984777024023292        2.4648972213331679     
   8.2000000000000011        86.488687665473819        74.105850137175580        63.536502909661799        14.030375570734156        2.1929277785101591        2.4590371920180849     
   8.3000000000000007        86.448180351273621        74.033744817164404        63.442704650961069        13.985395015101119        2.1874011412647820        2.4529750210916226     
   8.4000000000000004        86.412914822532215        73.964583493835335        63.350135916092910        13.942024313269334        2.1819170016711200        2.4467497338048410     
   8.5000000000000000        86.382437065828540        73.898256015735768        63.258944955229822        13.900232941887289        2.1764914701534139        2.4404011418077047     
   8.5999999999999996        86.356312081111881        73.834652313731155        63.169265334505972        13.859990935854576        2.1711374945184838        2.4339691499577705     
   8.7000000000000011        86.334123354561939        73.773661499474230        63.081214785167731        13.821268425667874        2.1658648775643909        2.4274932163718566     
   8.8000000000000007        86.315471280399649        73.715170632722760        62.994894278322981        13.784034392985451        2.1606804668141626        2.4210117689895503     
   8.9000000000000004        86.299971553297340        73.659064112934232        62.910388204269786        13.748255414126314        2.1555885736982403        2.4145613850939962     
   9.0000000000000000        86.287254615900494        73.605224356359699        62.827765987078401        13.713895152037198        2.1505916092596040        2.4081756578395335     
   9.0999999999999996        86.276966407481680        73.553533580693028        62.747084646461097        13.680914995657778        2.1456908471802634        2.4018838660513007     
   9.2000000000000011        86.268769921665907        73.503875968236812        62.668391419525761        13.649275687675418        2.1408871774023472        2.3957097471605855     
   9.3000000000000007        86.262346858291608        73.456139448732529        62.591725668797572        13.618939301808956        2.1361817066324664        2.3896707458690760     
   9.4000000000000004        86.257398761847412        73.410216626697220        62.517119709400298        13.589870773051032        2.1315760923081086        2.3837780194980254     
   9.5000000000000000        86.253647367433828        73.366004820621768        62.444598703043916        13.562038416795655        2.1270725609738483        2.3780372551166167     
   9.6000000000000014        86.250834256960601        73.323405561538507        62.374180135215745        13.535413345643683        2.1226736489531430        2.3724500935021160     
   9.7000000000000011        86.248720096780076        73.282323988056177        62.305873420626973        13.509968126346367        2.1183817826060376        2.3670157853247429     
   9.8000000000000007        86.247083703960314        73.242668443444472        62.239679974594118        13.485675201347034        2.1141988534202714        2.3617326960941516     
   9.9000000000000004        86.245721182869772        73.204350442694675        62.175593857984985        13.462505534542846        2.1101259267909551        2.3565993940533754     
   10.000000000000000        86.244445365313069        73.167285057313734        62.113602906198956        13.440427782927264        2.1061631662447491        2.3516152076304815     
   10.100000000000001        86.243085637859011        73.131391604401344        62.053690088280369        13.419408152194391        2.1023099832844570        2.3467802658478325     
   10.200000000000001        86.241488025634979        73.096594400068355        61.995834783394379        13.399410954141302        2.0985653600977954        2.3420951303964284     
   10.300000000000001        86.239515304576358        73.062823342983691        61.940013742380906        13.380399712868305        2.0949282508913822        2.3375601988234824     
   10.400000000000000        86.237046943383589        73.030014187628964        61.886201640191217        13.362338497535060        2.0913979514491681        2.3331750951413475     
   10.500000000000000        86.233978740351631        72.998108463010951        61.834371241777689        13.345193071554938        2.0879743362990286        2.3289382511880814     
   10.600000000000001        86.230222090836591        72.967053074580249        61.784493291767582        13.328931505215738        2.0846578989242825        2.3248468126068915     
   10.700000000000001        86.225702917208011        72.936799705696160        61.736536301941605        13.313524101991138        2.0814495883892081        2.3208968894353861     
   10.800000000000001        86.220360397294940        72.907304189311574        61.690466427545886        13.298942754783996        2.0783504989483750        2.3170840513927975     
   10.900000000000000        86.214145686923914        72.878526017129388        61.646247574960455        13.285160040442276        2.0753615113849624        2.3134038953069691     
   11.000000000000000        86.207020816293721        72.850428088093238        61.603841784229665        13.272148386825377        2.0724829874381032        2.3098525173385456     
   11.100000000000001        86.198957854530434        72.822976695934983        61.563209818730421        13.259879531552730        2.0697145860173820        2.3064267881207745     
   11.200000000000001        86.189938322280099        72.796141660293372        61.524311815539996        13.248324339315564        2.0670552238911859        2.3031244079609738     
   11.300000000000001        86.179952744300067        72.769896460093122        61.487107835669299        13.237452938183935        2.0645031650476677        2.2999437761497696     
   11.400000000000000        86.169000208234721        72.744218246739308        61.451558203654429        13.227235087676474        2.0620561999837896        2.2968837362135321     
   11.500000000000000        86.157087829302384        72.719087678357781        61.417623609500730        13.217640674958648        2.0597118665779379        2.2939432673545439     
   11.600000000000001        86.144230080916643        72.694488586400269        61.385265021116588        13.208640229395630        2.0574676638522966        2.2911211900733663     
   11.700000000000001        86.130448005464771        72.670407532652689        61.354443495413214        13.200205350110288        2.0553212171388648        2.2884159431349427     
   11.800000000000001        86.115768351136083        72.646833329393246        61.325119978362544        13.192308965145944        2.0532703674998176        2.2858254690584130     
   11.900000000000000        86.100222692755196        72.623756587397622        61.297255162066939        13.184925386585594        2.0513131778802478        2.2833472178818619     
   12.000000000000000        86.083846592145889        72.601169337034023        61.270809435797140        13.178030182507975        2.0494478688967659        2.2809782500469402     
   12.100000000000001        86.066678844602379        72.579064746941825        61.245742939351459        13.171599933634084        2.0476727124955816        2.2787153975796963     
   12.200000000000001        86.048760840613070        72.557436943363555        61.222015703398505        13.165611962222929        2.0459859174411013        2.2765554351470221     
   12.300000000000001        86.030136049582140        72.536280913761786        61.199587844643645        13.160044109543300        2.0443855361395333        2.2744952198398183     
   12.400000000000000        86.010849608222316        72.515592462879710        61.178419774694895        13.154874606953232        2.0428694109643466        2.2725317753652621     
   12.500000000000000        85.990947979771093        72.495368183505349        61.158472383288277        13.150082050440993        2.0414351650170812        2.2706623152144703     
   12.600000000000001        85.970478647201915        72.475605410060240        61.139707168498383        13.145645461121671        2.0400802311829227        2.2688842145764117     
   12.700000000000001        85.949489812307448        72.456302137198477        61.122086304040486        13.141544398837686        2.0388019064467708        2.2671949497746784     
   12.800000000000001        85.928030087378417        72.437456901853068        61.105572650573741        13.137759091880842        2.0375974160178814        2.2655920267246970     
   12.900000000000000        85.906148179383877        72.419068639137279        61.090129728689611        13.134270550388708        2.0364639731992531        2.2640729174580554     
   13.000000000000000        85.883892575254762        72.401136528211879        61.075721674680459        13.131060641339420        2.0353988250118098        2.2626350177786394     
   13.100000000000001        85.861311239882909        72.383659843737703        61.062313197198641        13.128112116185495        2.0343992789685861        2.2612756315117180     
   13.200000000000001        85.838451338364266        72.366637824873052        61.049869546796550        13.125408594735530        2.0334627116657589        2.2599919795581846     
   13.300000000000001        85.815358991386802        72.350069568540817        61.038356503374558        13.122934517970497        2.0325865637970510        2.2587812267121472     
   13.400000000000000        85.792079069175244        72.333953948782863        61.027740380762509        13.120675086373955        2.0317683281045844        2.2576405168484595     
   13.500000000000000        85.768655024845927        72.318289559700645        61.017988043614160        13.118616199117042        2.0310055366147410        2.2565670075966686     
   13.600000000000001        85.745128763901576        72.303074676623766        61.009066929898559        13.116744404631881        2.0302957518061810        2.2555578981636359     
   13.700000000000001        85.721540543989207        72.288307229192611        61.000945072506511        13.115046866978698        2.0296365639559788        2.2546104473567787     
   13.800000000000001        85.697928898021203        72.273984780540275        60.993591115052020        13.113511346969371        2.0290255946105931        2.2537219819845364     
   13.900000000000000        85.674330574153998        72.260104508335928        60.986974319321952        13.112126193484581        2.0284605044926463        2.2528898979542915     
   14.000000000000000        85.650780488700079        72.246663186113750        60.981064564475702        13.110880339167629        2.0279390034181368        2.2521116573037072     
   14.100000000000001        85.627311688950314        72.233657164560910        60.975832339561613        13.109763295308877        2.0274588598786942        2.2513847842213788     
   14.200000000000001        85.603955325606577        72.221082354422350        60.971248732326309        13.108765142547567        2.0270179086063695        2.2507068622257167     
   14.300000000000001        85.580740634761113        72.208934212625351        60.967285417031924        13.107876516165383        2.0266140553304979        2.2500755335093063     
   14.400000000000000        85.557694930040398        72.197207733346886        60.963914643717253        13.107088586579387        2.0262452787761847        2.2494885004137877     
   14.500000000000000        85.534843605646827        72.185897445302231        60.961109230505578        13.106393036764002        2.0259096305343283        2.2489435283129673     
   14.600000000000001        85.512210150056248        72.174997415519300        60.958842559548792        13.105782038645783        2.0256052336761741        2.2484384489228293     
   14.700000000000001        85.489816170503204        72.164501259759476        60.957088576755901        13.105248230195938        2.0253302809392375        2.2479711631676418     
   14.800000000000001        85.467681427052256        72.154402158709502        60.955821794657730        13.104784694251995        2.0250830330627272        2.2475396430558470     
   14.900000000000000        85.445823875247399        72.144692879171402        60.955017297793859        13.104384939358821        2.0248618175453847        2.2471419324075206     
   15.000000000000000        85.424259716277177        72.135365799425500        60.954650749961765        13.104042882338724        2.0246650278271274        2.2467761465893954     
   15.100000000000001        85.403003452955261        72.126412937625744        60.954698402590360        13.103752831986684        2.0244911227224662        2.2464404715891217     
   15.200000000000001        85.382067950694207        72.117825982721143        60.955137103946896        13.103509473259930        2.0243386258811031        2.2461331627936580     
   15.300000000000001        85.361464502240949        72.109596327148580        60.955944308760785        13.103307851481189        2.0242061250806014        2.2458525437564387     
   15.400000000000000        85.341202895544470        72.101715100944944        60.957098088098945        13.103143356331417        2.0240922712456242        2.2455970051085390     
   15.500000000000000        85.321291483731699        72.094173206644228        60.958577139135087        13.103011705635957        2.0239957771760193        2.2453650036360338     
   15.600000000000001        85.301737256923872        72.086961354781650        60.960360794686459        13.102908929119520        2.0239154160417945        2.2451550614551179     
   15.700000000000001        85.282545914936279        72.080070099358608        60.962429032095336        13.102831352364909        2.0238500197340787        2.2449657651739376     
   15.800000000000001        85.263721940753044        72.073489873131422        60.964762481287458        13.102775581199801        2.0237984771632442        2.2447957649383392     
   15.900000000000000        85.245268673895751        72.067211022105937        60.967342431580015        13.102738486655323        2.0237597325673153        2.2446437732940656     
   16.000000000000000        85.227188383320851        72.061223838988312        60.970150837067571        13.102717190561380        2.0237327838621981        2.2445085638473272     
   16.100000000000001        85.209482339423985        72.055518595315050        60.973170320408975        13.102709051764931        2.0237166810333651        2.2443889697462556     
   16.199999999999999        85.192150884728122        72.050085572002089        60.976384174869338        13.102711652915632        2.0237105245494673        2.2442838820302993     
   16.300000000000001        85.175193502768906        72.044915088059241        60.979776364528902        13.102722787748206        2.0237134637710761        2.2441922479012844     
   16.400000000000002        85.158608885101216        72.039997527465545        60.983331522698627        13.102740448808223        2.0237246953360035        2.2441130689633533     
   16.500000000000000        85.142394995924562        72.035323363964736        60.987034948489885        13.102762815585983        2.0237434615106324        2.2440453994619642     
   16.600000000000001        85.126549134352757        72.030883183863239        60.990872601654786        13.102788243054645        2.0237690485119813        2.2439883445372719     
   16.699999999999999        85.111067994174050        72.026667706801220        60.994831095753717        13.102815250623436        2.0238007848135808        2.2439410584934398     
   16.800000000000001        85.095947720823119        72.022667804403042        60.998897689688569        13.102842511522407        2.0238380394515292        2.2439027430781215     
   16.900000000000002        85.081183965761042        72.018874517012506        61.003060277806973        13.102868842638403        2.0238802203498989        2.2438726457666003     
   17.000000000000000        85.066771938081018        72.015279068465361        61.007307378625761        13.102893194808479        2.0239267726778811        2.2438500580458594     
   17.100000000000001        85.052706453279185        72.011872878938050        61.011628122282993        13.102914643569600        2.0239771772468758        2.2438343136993137     
   17.199999999999999        85.038981979385824        72.008647576067133        61.016012236907301        13.102932380355012        2.0240309489511765        2.2438247870968140     
   17.300000000000001        85.025592680280866        72.005595004286107        61.020450033940449        13.102945704121703        2.0240876352509418        2.2438208914968127     
   17.400000000000002        85.012532456344005        72.002707232531350        61.024932392563834        13.102954013390869        2.0241468146949515        2.2438220773688742     
   17.500000000000000        84.999794982565120        71.999976560440373        61.029450743347333        13.102956798687261        2.0242080954807067        2.2438278307440154     
   17.600000000000001        84.987373743975496        71.997395523002666        61.033997051155460        13.102953635358926        2.0242711140488145        2.2438376715982273     
   17.699999999999999        84.975262068677424        71.994956893885771        61.038563797489473        13.102944176768776        2.0243355337118096        2.2438511522739586     
   17.800000000000001        84.963453158435158        71.992653687454464        61.043143962324770        13.102928147843452        2.0244010433171282        2.2438678559416672     
   17.900000000000002        84.951940117036301        71.990479159651343        61.047731005579777        13.102905338972734        2.0244673559461157        2.2438873951033167     
   18.000000000000000        84.940715976403709        71.988426807745867        61.052318848244944        13.102875600247110        2.0245342076496806        2.2439094101376131     
   18.100000000000001        84.929773720592166        71.986490369086241        61.056901853304943        13.102838836024290        2.0246013562227025        2.2439335678881043     
   18.199999999999999        84.919106307758227        71.984663818938003        61.061474806535010        13.102794999813511        2.0246685800184663        2.2439595602939120     
   18.300000000000001        84.908706690331528        71.982941367565971        61.066032897274759        13.102744089470230        2.0247356768051210        2.2439871030639331     
   18.400000000000002        84.898567833290016        71.981317456536758        61.070571699213282        13.102686142685888        2.0248024626630410        2.2440159343932353     
   18.500000000000000        84.888682730752848        71.979786754410327        61.075087151319472        13.102621232766147        2.0248687709251088        2.2440458137228294     
   18.600000000000001        84.879044421091294        71.978344151964563        61.079575539019878        13.102549464685474        2.0249344511597163        2.2440765205424813     
   18.699999999999999        84.869646000459042        71.976984756909530        61.084033475623393        13.102470971407925        2.0249993681948233        2.2441078532357142     
   18.800000000000001        84.860480634928038        71.975703888263439        61.088457884152866        13.102385910461733        2.0250634011832016        2.2441396279674803     
   18.900000000000002        84.851541571521864        71.974497070564780        61.092845979671075        13.102294460759602        2.0251264427084079        2.2441716776149487     
   19.000000000000000        84.842822147776360        71.973360027722819        61.097195252034446        13.102196819649631        2.0251883979284826        2.2442038507402500     
   19.100000000000001        84.834315800554776        71.972288676960645        61.101503449322699        13.102093200190080        2.0252491837587483        2.2442360106067780     
   19.200000000000003        84.826016073468907        71.971279122470150        61.105768561767810        13.101983828629477        2.0253087280888273        2.2442680342368933     
   19.300000000000001        84.817916623795810        71.970327649336909        61.109988806489987        13.101868942089203        2.0253669690375093        2.2442998115136490     
   19.400000000000002        84.810011228172144        71.969430717261218        61.114162612755045        13.101748786430287        2.0254238542398535        2.2443312443230710     
   19.500000000000000        84.802293787714660        71.968584954519031        61.118288608041432        13.101623614298919        2.0254793401689914        2.2443622457383077     
   19.600000000000001        84.794758332411334        71.967787152014964        61.122365604778288        13.101493683338477        2.0255333914899305        2.2443927392433767     
   19.700000000000003        84.787399024806518        71.967034257449342        61.126392587777275        13.101359254560780        2.0255859804454972        2.2444226579956381     
   19.800000000000001        84.780210163075154        71.966323369633102        61.130368702347660        13.101220590866292        2.0256370862729818        2.2444519441251805     
   19.900000000000002        84.773186183557868        71.965651732982238        61.134293243097993        13.101077955705488        2.0256866946507341        2.2444805480699608     
   20.000000000000000        84.766321662836830        71.965016732205839        61.138165643391744        13.100931611874072        2.0257347971747217        2.2445084279457324     
