  1.00000000E-01  5.00000000E+00  1.00000000E+00
  2.00000000E-01  5.00000000E+00  9.99998914E-01
  3.00000000E-01  5.00000000E+00  9.99997549E-01
  4.00000000E-01  5.00000000E+00  9.99995365E-01
  5.00000000E-01  5.00000000E+00  9.99992279E-01
  6.00000000E-01  5.00000000E+00  9.99988161E-01
  7.00000000E-01  5.00000000E+00  9.99982860E-01
  8.00000000E-01  5.00000000E+00  9.99976214E-01
  9.00000000E-01  5.00000000E+00  9.99968055E-01
  1.00000000E+00  5.00000000E+00  9.99958214E-01
  1.10000000E+00  5.00000000E+00  9.99946530E-01
  1.20000000E+00  5.00000000E+00  9.99932859E-01
  1.30000000E+00  5.00000000E+00  9.99917074E-01
  1.40000000E+00  5.00000000E+00  9.99899078E-01
  1.50000000E+00  5.00000000E+00  9.99878804E-01
  1.60000000E+00  5.00000000E+00  9.99856224E-01
  1.70000000E+00  5.00000000E+00  9.99831347E-01
  1.80000000E+00  5.00000000E+00  9.99804227E-01
  1.90000000E+00  5.00000000E+00  9.99774963E-01
  2.00000000E+00  5.00000000E+00  9.99743705E-01
  2.10000000E+00  5.00000000E+00  9.99710657E-01
  2.20000000E+00  5.00000000E+00  9.99676088E-01
  2.30000000E+00  5.00000000E+00  9.99640339E-01
  2.40000000E+00  5.00000000E+00  9.99603833E-01
  2.50000000E+00  5.00000000E+00  9.99567092E-01
  2.60000000E+00  5.00000000E+00  9.99530746E-01
  2.70000000E+00  5.00000000E+00  9.99495559E-01
  2.80000000E+00  5.00000000E+00  9.99462449E-01
  2.90000000E+00  5.00000000E+00  9.99432515E-01
  3.00000000E+00  5.00000000E+00  9.99407070E-01
  3.10000000E+00  5.00000000E+00  9.99387680E-01
  3.20000000E+00  5.00000000E+00  9.99376204E-01
  3.30000000E+00  5.00000000E+00  9.99374844E-01
  3.40000000E+00  5.00000000E+00  9.99386198E-01
  3.50000000E+00  5.00000000E+00  9.99413320E-01
  3.60000000E+00  5.00000000E+00  9.99459787E-01
  3.70000000E+00  5.00000000E+00  9.99529775E-01
  3.80000000E+00  5.00000000E+00  9.99628139E-01
  3.90000000E+00  5.00000000E+00  9.99760508E-01
  4.00000000E+00  5.00000000E+00  9.99933387E-01
  4.10000000E+00  5.00000000E+00  1.00015427E+00
  4.20000000E+00  5.00000000E+00  1.00043176E+00
  4.30000000E+00  5.00000000E+00  1.00077570E+00
  4.40000000E+00  5.00000000E+00  1.00119733E+00
  4.50000000E+00  5.00000000E+00  1.00170942E+00
  4.60000000E+00  5.00000000E+00  1.00232644E+00
  4.70000000E+00  5.00000000E+00  1.00306472E+00
  4.80000000E+00  5.00000000E+00  1.00394267E+00
  4.90000000E+00  5.00000000E+00  1.00498088E+00
  5.00000000E+00  5.00000000E+00  1.00620232E+00
  5.10000000E+00  5.00000000E+00  1.00763245E+00
  5.20000000E+00  5.00000000E+00  1.00929932E+00
  5.30000000E+00  5.00000000E+00  1.01123363E+00
  5.40000000E+00  5.00000000E+00  1.01346872E+00
  5.50000000E+00  5.00000000E+00  1.01604046E+00
  5.60000000E+00  5.00000000E+00  1.01898718E+00
  5.70000000E+00  5.00000000E+00  1.02234937E+00
  5.80000000E+00  5.00000000E+00  1.02616940E+00
  5.90000000E+00  5.00000000E+00  1.03049114E+00
  6.00000000E+00  5.00000000E+00  1.03535949E+00
  6.10000000E+00  5.00000000E+00  1.04081981E+00
  6.20000000E+00  5.00000000E+00  1.04691732E+00
  6.30000000E+00  5.00000000E+00  1.05369639E+00
  6.40000000E+00  5.00000000E+00  1.06119972E+00
  6.50000000E+00  5.00000000E+00  1.06946733E+00
  6.60000000E+00  5.00000000E+00  1.07853538E+00
  6.70000000E+00  5.00000000E+00  1.08843475E+00
  6.80000000E+00  5.00000000E+00  1.09918936E+00
  6.90000000E+00  5.00000000E+00  1.11081439E+00
  7.00000000E+00  5.00000000E+00  1.12331439E+00
  7.10000000E+00  5.00000000E+00  1.13668158E+00
  7.20000000E+00  5.00000000E+00  1.15089450E+00
  7.30000000E+00  5.00000000E+00  1.16591727E+00
  7.40000000E+00  5.00000000E+00  1.18169984E+00
  7.50000000E+00  5.00000000E+00  1.19817946E+00
  7.60000000E+00  5.00000000E+00  1.21528366E+00
  7.70000000E+00  5.00000000E+00  1.23293491E+00
  7.80000000E+00  5.00000000E+00  1.25105651E+00
  7.90000000E+00  5.00000000E+00  1.26957851E+00
  8.00000000E+00  5.00000000E+00  1.28844156E+00
  8.10000000E+00  5.00000000E+00  1.30759613E+00
  8.20000000E+00  5.00000000E+00  1.32699485E+00
  8.30000000E+00  5.00000000E+00  1.34657740E+00
  8.40000000E+00  5.00000000E+00  1.36624974E+00
  8.50000000E+00  5.00000000E+00  1.38586229E+00
  8.60000000E+00  5.00000000E+00  1.40519355E+00
  8.70000000E+00  5.00000000E+00  1.42394699E+00
  8.80000000E+00  5.00000000E+00  1.44176816E+00
  8.90000000E+00  5.00000000E+00  1.45828528E+00
  9.00000000E+00  5.00000000E+00  1.47316981E+00
  9.10000000E+00  5.00000000E+00  1.48620442E+00
  9.20000000E+00  5.00000000E+00  1.49733854E+00
  9.30000000E+00  5.00000000E+00  1.50671158E+00
  9.40000000E+00  5.00000000E+00  1.51463249E+00
  9.50000000E+00  5.00000000E+00  1.52151905E+00
  9.60000000E+00  5.00000000E+00  1.52781313E+00
  9.70000000E+00  5.00000000E+00  1.53389444E+00
  9.80000000E+00  5.00000000E+00  1.54001279E+00
  9.90000000E+00  5.00000000E+00  1.54625235E+00
  1.00000000E+01  5.00000000E+00  1.55253336E+00
  1.01000000E+01  5.00000000E+00  1.55864929E+00
  1.02000000E+01  5.00000000E+00  1.56433097E+00
  1.03000000E+01  5.00000000E+00  1.56932343E+00
  1.04000000E+01  5.00000000E+00  1.57345697E+00
  1.05000000E+01  5.00000000E+00  1.57669459E+00
  1.06000000E+01  5.00000000E+00  1.57914363E+00
  1.07000000E+01  5.00000000E+00  1.58103027E+00
  1.08000000E+01  5.00000000E+00  1.58264626E+00
  1.09000000E+01  5.00000000E+00  1.58428430E+00
  1.10000000E+01  5.00000000E+00  1.58617936E+00
  1.11000000E+01  5.00000000E+00  1.58846940E+00
  1.12000000E+01  5.00000000E+00  1.59118192E+00
  1.13000000E+01  5.00000000E+00  1.59424610E+00
  1.14000000E+01  5.00000000E+00  1.59752448E+00
  1.15000000E+01  5.00000000E+00  1.60085438E+00
  1.16000000E+01  5.00000000E+00  1.60408876E+00
  1.17000000E+01  5.00000000E+00  1.60712674E+00
  1.18000000E+01  5.00000000E+00  1.60992837E+00
  1.19000000E+01  5.00000000E+00  1.61251231E+00
  1.20000000E+01  5.00000000E+00  1.61493979E+00
  1.21000000E+01  5.00000000E+00  1.61729136E+00
  1.22000000E+01  5.00000000E+00  1.61964338E+00
  1.23000000E+01  5.00000000E+00  1.62205035E+00
  1.24000000E+01  5.00000000E+00  1.62453609E+00
  1.25000000E+01  5.00000000E+00  1.62709433E+00
  1.26000000E+01  5.00000000E+00  1.62969628E+00
  1.27000000E+01  5.00000000E+00  1.63230205E+00
  1.28000000E+01  5.00000000E+00  1.63487197E+00
  1.29000000E+01  5.00000000E+00  1.63737517E+00
  1.30000000E+01  5.00000000E+00  1.63979389E+00
  1.31000000E+01  5.00000000E+00  1.64212352E+00
  1.32000000E+01  5.00000000E+00  1.64436943E+00
  1.33000000E+01  5.00000000E+00  1.64654229E+00
  1.34000000E+01  5.00000000E+00  1.64865349E+00
  1.35000000E+01  5.00000000E+00  1.65071176E+00
  1.36000000E+01  5.00000000E+00  1.65272165E+00
  1.37000000E+01  5.00000000E+00  1.65468352E+00
  1.38000000E+01  5.00000000E+00  1.65659484E+00
  1.39000000E+01  5.00000000E+00  1.65845176E+00
  1.40000000E+01  5.00000000E+00  1.66025064E+00
  1.41000000E+01  5.00000000E+00  1.66198910E+00
  1.42000000E+01  5.00000000E+00  1.66366632E+00
  1.43000000E+01  5.00000000E+00  1.66528294E+00
  1.44000000E+01  5.00000000E+00  1.66684055E+00
  1.45000000E+01  5.00000000E+00  1.66834121E+00
  1.46000000E+01  5.00000000E+00  1.66978696E+00
  1.47000000E+01  5.00000000E+00  1.67117962E+00
  1.48000000E+01  5.00000000E+00  1.67252074E+00
  1.49000000E+01  5.00000000E+00  1.67381165E+00
  1.50000000E+01  5.00000000E+00  1.67505368E+00
  1.51000000E+01  5.00000000E+00  1.67624820E+00
  1.52000000E+01  5.00000000E+00  1.67739676E+00
  1.53000000E+01  5.00000000E+00  1.67850109E+00
  1.54000000E+01  5.00000000E+00  1.67956301E+00
  1.55000000E+01  5.00000000E+00  1.68058443E+00
  1.56000000E+01  5.00000000E+00  1.68156721E+00
  1.57000000E+01  5.00000000E+00  1.68251319E+00
  1.58000000E+01  5.00000000E+00  1.68342411E+00
  1.59000000E+01  5.00000000E+00  1.68430160E+00
  1.60000000E+01  5.00000000E+00  1.68514728E+00
  1.61000000E+01  5.00000000E+00  1.68596268E+00
  1.62000000E+01  5.00000000E+00  1.68674929E+00
  1.63000000E+01  5.00000000E+00  1.68750859E+00
  1.64000000E+01  5.00000000E+00  1.68824200E+00
  1.65000000E+01  5.00000000E+00  1.68895091E+00
  1.66000000E+01  5.00000000E+00  1.68963665E+00
  1.67000000E+01  5.00000000E+00  1.69030046E+00
  1.68000000E+01  5.00000000E+00  1.69094354E+00
  1.69000000E+01  5.00000000E+00  1.69156700E+00
  1.70000000E+01  5.00000000E+00  1.69217189E+00
  1.71000000E+01  5.00000000E+00  1.69275916E+00
  1.72000000E+01  5.00000000E+00  1.69332974E+00
  1.73000000E+01  5.00000000E+00  1.69388445E+00
  1.74000000E+01  5.00000000E+00  1.69442410E+00
  1.75000000E+01  5.00000000E+00  1.69494942E+00
  1.76000000E+01  5.00000000E+00  1.69546110E+00
  1.77000000E+01  5.00000000E+00  1.69595978E+00
  1.78000000E+01  5.00000000E+00  1.69644605E+00
  1.79000000E+01  5.00000000E+00  1.69692046E+00
  1.80000000E+01  5.00000000E+00  1.69738351E+00
  1.81000000E+01  5.00000000E+00  1.69783566E+00
  1.82000000E+01  5.00000000E+00  1.69827735E+00
  1.83000000E+01  5.00000000E+00  1.69870895E+00
  1.84000000E+01  5.00000000E+00  1.69913082E+00
  1.85000000E+01  5.00000000E+00  1.69954329E+00
  1.86000000E+01  5.00000000E+00  1.69994665E+00
  1.87000000E+01  5.00000000E+00  1.70034116E+00
  1.88000000E+01  5.00000000E+00  1.70072708E+00
  1.89000000E+01  5.00000000E+00  1.70110464E+00
  1.90000000E+01  5.00000000E+00  1.70147403E+00
  1.91000000E+01  5.00000000E+00  1.70183547E+00
  1.92000000E+01  5.00000000E+00  1.70218912E+00
  1.93000000E+01  5.00000000E+00  1.70253517E+00
  1.94000000E+01  5.00000000E+00  1.70287377E+00
  1.95000000E+01  5.00000000E+00  1.70320508E+00
  1.96000000E+01  5.00000000E+00  1.70352924E+00
  1.97000000E+01  5.00000000E+00  1.70384638E+00
  1.98000000E+01  5.00000000E+00  1.70415665E+00
  1.99000000E+01  5.00000000E+00  1.70446017E+00
  2.00000000E+01  5.00000000E+00  1.70475706E+00
