  5.00000000E+00  1.70475706E+00
  4.90174867E+00  1.70346574E+00
  4.80349735E+00  1.70009024E+00
  4.70524602E+00  1.69760245E+00
  4.60699469E+00  1.69587190E+00
  4.50874336E+00  1.69511236E+00
  4.41049204E+00  1.69524504E+00
  4.31224071E+00  1.69617693E+00
  4.21398938E+00  1.69778317E+00
  4.11573805E+00  1.69988551E+00
  4.01748673E+00  1.70241799E+00
  3.91923540E+00  1.70524459E+00
  3.82098407E+00  1.70828886E+00
  3.72273275E+00  1.71142031E+00
  3.62448142E+00  1.71453971E+00
  3.52623009E+00  1.71754627E+00
  3.42797876E+00  1.72044334E+00
  3.32972744E+00  1.72314729E+00
  3.23147611E+00  1.72557776E+00
  3.13322478E+00  1.72765469E+00
  3.03497345E+00  1.72934837E+00
  2.93672213E+00  1.73059290E+00
  2.83847080E+00  1.73131771E+00
  2.74021947E+00  1.73138263E+00
  2.64196815E+00  1.73067498E+00
  2.54371682E+00  1.72912059E+00
  2.44546549E+00  1.72678811E+00
  2.34721416E+00  1.72361706E+00
  2.24896284E+00  1.71939939E+00
  2.15071151E+00  1.71397195E+00
  2.05246018E+00  1.70740244E+00
  1.95420886E+00  1.69964662E+00
  1.85595753E+00  1.69041675E+00
  1.75770620E+00  1.67942184E+00
  1.65945487E+00  1.66671986E+00
  1.56120355E+00  1.65208329E+00
  1.46295222E+00  1.63536218E+00
  1.36470089E+00  1.61653586E+00
  1.26644956E+00  1.59535791E+00
  1.16819824E+00  1.57126954E+00
  1.06994691E+00  1.54431584E+00
  9.71791875E-01  1.51465158E+00
  8.73636841E-01  1.48193040E+00
  7.89445531E-01  1.45111526E+00
  7.05254221E-01  1.41788072E+00
  6.45041985E-01  1.39247600E+00
  5.84829750E-01  1.36562331E+00
  5.41786342E-01  1.34541267E+00
  4.98742935E-01  1.32413431E+00
  4.67972867E-01  1.30826428E+00
  4.37202799E-01  1.29211490E+00
  4.15104054E-01  1.28038166E+00
  3.93005309E-01  1.26828361E+00
  3.73355044E-01  1.25712123E+00
  3.53704778E-01  1.24574564E+00
  3.34054513E-01  1.23428324E+00
  3.14404247E-01  1.22271822E+00
  2.94753982E-01  1.21101129E+00
  2.75103716E-01  1.19906062E+00
  2.55453451E-01  1.18672514E+00
  2.35803185E-01  1.17406168E+00
  2.16152920E-01  1.16120173E+00
  1.96502655E-01  1.14807795E+00
  1.76852389E-01  1.13458616E+00
  1.57202124E-01  1.12096158E+00
  1.37551858E-01  1.10728132E+00
  1.17901593E-01  1.09313380E+00
  9.82513273E-02  1.07842569E+00
  7.86010618E-02  1.06368243E+00
  5.89507964E-02  1.04906325E+00
  3.93005309E-02  1.03405465E+00
  1.96502655E-02  1.01772972E+00
  0.00000000E+00  1.00000000E+00
