   5.0000000000000000        1.6306003822273918        5.6157615699012453      -0.13768474518979346       0.48624940788670473     
   4.9017486727455211        1.6292971328048507        5.8260768636098552       -6.7926555361656440E-002  0.46973698204814673     
   4.8034973454911558        1.6266565268218491        6.0478594037968225        4.1221778645940382E-003  0.45515052708862841     
   4.7052460182369176        1.6240092523009431        6.2667040068251483        8.4190634414123278E-003  0.44339661245357820     
   4.6069946909823107        1.6211916320462152        6.4934787559737162        1.2863552854425494E-002  0.43195160390195042     
   4.5087433637276986        1.6183395216162362        6.6954419392571571        8.7691577040290413E-003  0.42114002527054667     
   4.4104920364734657        1.6154686623741192        6.9036989831002797        4.5570344900339489E-003  0.41060316022448590     
   4.3122407092191972        1.6125810586283846        7.1694243923062535        2.7122118342294149E-002  0.39795619792812170     
   4.2139893819646206        1.6096446374778897        7.4456863704569791        5.0508719638951059E-002  0.38582938493610314     
   4.1157380547101994        1.6066116890120183        7.7092633025696067        6.0649822132894750E-002  0.37523388526178758     
   4.0174867274557773        1.6034680784181838        7.9822152313222317        7.1141005098494872E-002  0.36495742015938432     
   3.9192354002013698        1.6001740843200400        8.2418680456843649        8.2514842641257038E-002  0.35564676577956950     
   3.8209840729469331        1.5967020375947387        8.5100184921365241        9.4254363150839848E-002  0.34660763558764279     
   3.7227327456925252        1.5930118884658044        8.8708959133744703       0.13816745668876584       0.33638399025824223     
   3.6244814184380889        1.5890703186858550        9.2480102299359341       0.18401417507182846       0.32690067934237832     
   3.5262300911837201        1.5848410573482892        9.5611488077185385       0.21278343983701853       0.31907956146931760     
   3.4279787639292452        1.5803276074973429        9.8851909069061836       0.24255741839387998       0.31163613823892994     
   3.3297274366747760        1.5754985530248358        10.253815362336825       0.28628619593631560       0.30432744090295588     
   3.2314761094204010        1.5703246563733662        10.636874714341143       0.33173244895272658       0.29759742332076422     
   3.1332247821660228        1.5647793472115215        11.033994270730394       0.38597785759504594       0.29186612758491715     
   3.0349734549115568        1.5588509060146203        11.446918093806369       0.44239586373406309       0.28682641223229077     
   2.9367221276571720        1.5525163541724483        11.890879644869067       0.51024550627933618       0.28284303419271156     
   2.8384708004027130        1.5457518199105202        12.353458078073354       0.58096536748290706       0.27974649542905278     
   2.7402194731482861        1.5385126199111623        12.916519401586495       0.67952547125953255       0.27851210888723499     
   2.6419681458938680        1.5307610757620584        13.507980906485225       0.78310207977166690       0.27882285394987771     
   2.5437168186395551        1.5224813597954485        13.981526504878083       0.86986463727944208       0.28034874746589156     
   2.4454654913850238        1.5136947037379493        14.473479224401849       0.96004005777534351       0.28291064403142213     
   2.3472141641306021        1.5043612421638834        15.223476451423336        1.1246449998241126       0.29290446707485468     
   2.2489628368761800        1.4944123859145497        16.018802238923165        1.2992870175751516       0.30611897925780690     
   2.1507115096216700        1.4838074560438672        16.694931699872349        1.4693025231988543       0.32262151752475704     
   2.0524601823673350        1.4725561418400577        17.405796973296944        1.6479367948372892       0.34211675635015570     
   1.9542088551129451        1.4606215608931690        18.517772251769436        1.9328615912373674       0.37784478204984062     
   1.8559575278584921        1.4479107705425138        19.715350228212060        2.2400557408832849       0.42102504931600321     
   1.7577062006041240        1.4343636690924668        20.552121280751141        2.4996176192774038       0.46407239864524313     
   1.6594548733496470        1.4200014773219756        21.435739754090900        2.7732176325117366       0.51256040287394533     
   1.5612035460952201        1.4047196928726122        22.693577179847697        3.1678177172832860       0.58802632922962428     
   1.4629522188408031        1.3884528527034607        24.046869394258366        3.5922723291614238       0.67479884923731770     
   1.3647008915863570        1.3712361775902477        25.488448408018911        4.1119263058960946       0.79424312823921472     
   1.2664495643319591        1.3529861286173623        27.050899895760441        4.6739638093988232       0.93142147366274541     
   1.1681982370774420        1.3334723210406054        28.651728693935162        5.3370714132314951        1.1113010448096217     
   1.0699469098231140        1.3127387784492017        30.398419852221792        6.0567193969308457        1.3173954727144055     
  0.97179187534480249        1.2909436945363908        34.446590020708122        7.4226801131461793        1.6986478400719769     
  0.87363684086671523        1.2679434466945974        39.138953634203645        9.0218775279808963        2.1683034326256347     
  0.78944553074868296        1.2470671872912729        43.107153033260289        10.569566991585585        2.6726761764796025     
  0.70525422063059651        1.2252370544374356        47.588497378353019        12.328785062787079        3.2680102020566273     
  0.64504198524776335        1.2089943722552980        51.569768918280616        13.877492671700857        3.8030792923653398     
  0.58482974986485203        1.1922031667082424        55.950405468975056        15.593111436392894        4.4093103354091365     
  0.54178634241799717        1.1798618417776066        63.198844830497364        18.102870686184225        5.2423435482082876     
  0.49874293497105621        1.1671404622199977        71.446703138112724        20.984472658926823        6.2141872607217969     
  0.46797286722375908        1.1578645917406967        73.369981962097739        21.927750184859526        6.6028926252015152     
  0.43720279947644691        1.1485186063523067        75.369698621478705        22.908880662081259        7.0112725241749869     
  0.41510405424705787        1.1417553568878596        82.164239311842877        25.216731142182990        7.7835334546014217     
  0.39300530901768932        1.1348420792489777        89.585845118224981        27.747798157956044        8.6353924245296021     
  0.37335504356680799        1.1285835499711487        91.526061397188869        28.776596110674799        9.0876270355607609     
  0.35370477811592060        1.1222887295624127        93.534276049982552        29.840877818266460        9.5594242539973386     
  0.33405451266506070        1.1159789465649645        95.090558505615874        30.447469586234011        9.7874743214076005     
  0.31440424721415111        1.1096357695048507        96.674776341782191        31.065692504991670        10.020374051673114     
  0.29475398176326723        1.1032456969247615        102.22577651321174        33.210262984293266        10.824740385666404     
  0.27510371631238240        1.0967726165759497        108.11677662578505        35.495809249058532        11.687401356865822     
  0.25545345086148252        1.0901922605719530        110.61647466468051        36.794237948446920        12.271764696378691     
  0.23580318541061371        1.0835365342483947        113.20211624162712        38.138231374532317        12.881029761971636     
  0.21615291995969169        1.0768606054757048        120.00047324823998        40.466688853407774        13.676532957628975     
  0.19650265450884419        1.0701391472745496        127.20792488778916        42.936364349603672        14.520882184112878     
  0.17685238905796741        1.0633321920546046        127.62417887855928        43.703097886389124        14.993887627961502     
  0.15720212360707550        1.0565593634168400        128.08046779414758        44.487124229017304        15.480175105131144     
  0.13755185815618279        1.0498140166493919        138.88063244361291        47.983632177434949        16.604401486965020     
  0.11790159270530599        1.0429122387439460        150.59150820583218        51.763492485777327        17.816787864284233     
   9.8251327254415877E-002   1.0358698575106398        143.31040782589915        50.308696670636543        17.685621391015669     
   7.8601061803537320E-002   1.0289398393082467        136.46188642039999        48.925471369057142        17.567113816017805     
   5.8950796352672967E-002   1.0222803013742314        130.72361675428382        49.245255487431443        18.578385437824764     
   3.9300530901768660E-002   1.0157230089615696        125.70350415126786        49.698492616145444        19.677076972022249     
   1.9650265450860790E-002   1.0084104915209120        90.983036786915207        40.527215087162602        18.091057780765823     
   0.0000000000000000        1.0000000000000000        67.413922951675360        34.039167482936605        17.239406759008705     
  -1.9514932173861362E-002   1.0000000000000000        40.176135734100249        7.1154578163678748        1.3473234868764048     
  -3.9029864347723257E-002   1.0000000000000000        72.668743845002993       -9.3870770914518697        1.2606128873348053     
  -5.8544796521583328E-002   1.0000000000000000        42.151634363959950       -2.9077474026767112       0.28156127058961206     
  -7.8059728695443850E-002   1.0000000000000000        25.834697291648876       0.35559973866938610       0.13411197251321638     
  -9.7574660869307550E-002   1.0000000000000000        28.768279261835715      -0.50094031732462296       0.12491887308195465     
 -0.11708959304316401        1.0000000000000000        32.300617909736609       -1.4934821091626425       0.17268163159964037     
 -0.13660452521702371        1.0000000000000000        30.957401030451688       -1.6761981634568799       0.19847519776656003     
 -0.15611945739088409        1.0000000000000000        29.687244079348801       -1.8488897787358287       0.22704964599786312     
 -0.17563438956474819        1.0000000000000000        29.262643694457491       -1.8085841908062730       0.22504962429781317     
 -0.19514932173861499        1.0000000000000000        28.844190185172749       -1.7689267406822744       0.22313590065487832     
 -0.21466425391248939        1.0000000000000000        28.501061147197738       -1.7824672949240610       0.22728040352240944     
 -0.23417918608636759        1.0000000000000000        28.162361847249198       -1.7957240629183635       0.23146678313016741     
 -0.25369411826024330        1.0000000000000000        27.875425812388514       -1.8034340810176670       0.23466328605020143     
 -0.27320905043412380        1.0000000000000000        27.591609700168664       -1.8109873639066958       0.23788339148101093     
 -0.29272398260800470        1.0000000000000000        27.354313879226513       -1.8020523520623826       0.23861101826962705     
 -0.31223891478187998        1.0000000000000000        27.119068748731042       -1.7931743837746736       0.23934691571110331     
 -0.33175384695575649        1.0000000000000000        26.917075767717595       -1.7855743645869542       0.24000343777027858     
 -0.35126877912963622        1.0000000000000000        26.716594793483694       -1.7780163456278160       0.24066631949082451     
 -0.37078371130350779        1.0000000000000000        26.572364318337868       -1.7671301947368405       0.24039650242727539     
 -0.39029864347735871        1.0000000000000000        26.428913579180136       -1.7563047757606254       0.24013382077388268     
 -0.41181375893208277        1.0000000000000000        26.328596263138920       -1.7587876980758965       0.24130537732034121     
 -0.43332887438680701        1.0000000000000000        26.228684778991347       -1.7612512309387185       0.24248005533420006     
 -0.46308341771009831        1.0000000000000000        26.153856001253423       -1.7534764680767680       0.24203117442160244     
 -0.49283796103338962        1.0000000000000000        26.079243816094664       -1.7457269005972762       0.24158579695734497     
 -0.53436466706184516        1.0000000000000000        25.999154324293652       -1.7563695627059295       0.24370547793849207     
 -0.57589137309030136        1.0000000000000000        25.919392539521969       -1.7669693055109601       0.24583806536980699     
 -0.63384780128546858        1.0000000000000000        25.841655533684698       -1.7572184973132388       0.24517711473920567     
 -0.69180422948064546        1.0000000000000000        25.764159397345370       -1.7475018454334892       0.24452194352893478     
 -0.77274675203359200        1.0000000000000000        25.726222144508679       -1.7474363111781070       0.24488562084792767     
 -0.85368927458653476        1.0000000000000000        25.688342539047778       -1.7473700501012157       0.24524972457554836     
 -0.95109802859381576        1.0000000000000000        25.868669605042157       -1.7586965952353264       0.24535448107629734     
  -1.0485067826010950        1.0000000000000000        26.050262365829269       -1.7700993471712156       0.24546668380555858     
  -1.1460814434704309        1.0000000000000000        26.084077137963650       -1.7706851714928851       0.24527125849906536     
  -1.2436561043398759        1.0000000000000000        26.117936615298408       -1.7712709704107461       0.24507595752630787     
  -1.3412307652093070        1.0000000000000000        26.127271967995455       -1.7759185682316099       0.24560710858836607     
  -1.4388054260786569        1.0000000000000000        26.136616179615434       -1.7805684719241921       0.24613976504207472     
  -1.5363800869483710        1.0000000000000000        26.139655598640182       -1.7820398293475626       0.24624637344956246     
  -1.6339547478184291        1.0000000000000000        26.142695946523407       -1.7835111957240326       0.24635314931964755     
  -1.7315294086885411        1.0000000000000000        26.195656467205144       -1.7828830569772860       0.24579629616964987     
  -1.8291040695586540        1.0000000000000000        26.248729564373622       -1.7822512851983459       0.24524018072298276     
  -1.9266787304287889        1.0000000000000000        26.214203260894383       -1.7816338542354357       0.24557012378910864     
  -2.0242533912988780        1.0000000000000000        26.179723112648372       -1.7810170694897074       0.24590068713571347     
  -2.1218280521689632        1.0000000000000000        26.204168799687672       -1.7824229573419801       0.24591500530587942     
  -2.2194027130391021        1.0000000000000000        26.228637319338631       -1.7838300424178299       0.24592941838730453     
  -2.3169773739092139        1.0000000000000000        26.214784853345719       -1.7863425032901250       0.24624947417549770     
  -2.4145520347793261        1.0000000000000000        26.200943700902172       -1.7888518988952855       0.24657001079310883     
  -2.5121266956493411        1.0000000000000000        26.219498784485026       -1.7915438441971425       0.24677852508584244     
  -2.6097013565195510        1.0000000000000000        26.238067766583878       -1.7942380812636809       0.24698748134682999     
  -2.7072760173897392        1.0000000000000000        26.182012562978208       -1.7888387813050903       0.24670432683070306     
  -2.8048506782597760        1.0000000000000000        26.126078189941730       -1.7834522658865388       0.24642283760877395     
  -2.9024253391298882        1.0000000000000000        26.137366323638567       -1.7864209956250674       0.24674503871535891     
  -3.0000000000000000        1.0000000000000000        26.148661013326681       -1.7893915351875203       0.24706782578820127     
