  0.10000000000000001        1.0000000000000000        0.0000000000000000        1.0000000000000000        1.0000000000000000        0.0000000000000000        1.0000000000000000     
  0.20000000000000001        2.2611020447556731        4.2070641635988528E-004   1.2656753436768402        1.0372342185450896      -0.11547387353961514       0.99213965357099498     
  0.30000000000000004        14.641352007362078        7.7924583086153382E-002   1.5358417555201864        1.1802160045759127      -0.23188177082560019       0.96776326384180955     
  0.40000000000000002        47.454958408600412        5.4451137422407685        1.6062959043772616        1.4144804657235268      -0.33411790766689453       0.94620770635381746     
  0.50000000000000000        60.458332519792968        13.360029134606094        2.9750266259840235        1.7301491281371264      -0.42118719970974983       0.92579966929137347     
  0.60000000000000009        72.492704096599141        15.131155620878694        4.1078659072630312        2.1187866887232265      -0.49707237923313269       0.90618773987369095     
  0.70000000000000007        87.478595755855736        16.932640088614793        4.6218539037193889        2.5805700008459009      -0.56080428219621414       0.88780334694080820     
  0.80000000000000004        91.355571592890271        19.189599813547026        5.2434040971298188        3.1136708087276919      -0.61137490975728803       0.87131825386316564     
  0.90000000000000002        92.767334754245553        20.564456412658174        6.0652184319886233        3.7128606767441727      -0.64851716483393262       0.85720985314192855     
   1.0000000000000000        96.469807712557909        22.106391617398412        7.0013445182270724        4.3705283852176349      -0.67242081848009450       0.84581697769188458     
   1.1000000000000001        102.93625099179235        24.094026726347419        7.9824827433537200        5.0779571709660623      -0.68346667711703579       0.83738828801087084     
   1.2000000000000002        108.61081381588004        26.442157877579188        8.9805699785064466        5.8254705497147325      -0.68223441405045337       0.83205369377700422     
   1.3000000000000000        115.31672381807466        28.983499145840455        9.9836374284218543        6.6029200906395493      -0.66945064805992771       0.82981095238833824     
   1.4000000000000001        123.05540872982793        31.578736659519908        10.978293560581013        7.4007099233888773      -0.64584817337701306       0.83056188680435683     
   1.5000000000000000        131.11160569637130        34.133521433013520        11.947939253152049        8.2107207282897345      -0.61206869467686342       0.83416635087533109     
   1.6000000000000001        138.81990755075552        36.587449724676084        12.877085907180279        9.0263853150773645      -0.56868329694271669       0.84048176803078312     
   1.7000000000000002        145.81580964746087        38.903690076299320        13.754575567182931        9.8419892375906119      -0.51629572651629818       0.84937571357911679     
   1.8000000000000000        151.97828899236816        41.062922484818124        14.574160697498259        10.651920281241473      -0.45562866137403074       0.86071948920783192     
   1.9000000000000001        157.30712972420255        43.058575823183077        15.333558212740831        11.450388783037239      -0.38753049014452623       0.87437899977022704     
   2.0000000000000000        161.84768963227032        44.892225923864338        16.033194737636379        12.231634814556521      -0.31291786979649699       0.89021160301096225     
   2.1000000000000001        165.66361070588394        46.569894987602140        16.675179320751013        12.990332281700846      -0.23270842991470236       0.90806711002325491     
   2.2000000000000002        168.82781790409615        48.099788094734976        17.262567127129483        13.721905485604676      -0.14778260870650775       0.92778851250811301     
   2.3000000000000003        171.41597405161414        49.491143679712771        17.798844906301603        14.422647716414875       -5.8978618490268218E-002  0.94921094445810850     
   2.4000000000000004        173.50081500153044        50.753600308505689        18.287582507796834        15.089683245050054        3.2896638330794530E-002  0.97216012647381278     
   2.5000000000000000        175.14896273593624        51.896737826620459        18.732214637884397        15.720862988958666       0.12705833675707062       0.99645198872192786     
   2.6000000000000001        176.42007792728077        52.929728882685303        19.135921222623722        16.314659468425535       0.22274364443170050        1.0218940876204796     
   2.7000000000000002        177.36714417870272        53.861124027689435        19.501578416134695        16.870085511347650       0.31921907279852607        1.0482883706720396     
   2.8000000000000003        178.03699516002516        54.698766408110231        19.831758441359465        17.386634904261587       0.41579035962053573        1.0754345728610812     
   2.9000000000000004        178.47080465946226        55.449798971608821        20.128760483962665        17.864235052637650       0.51181126091025519        1.1031337681069731     
   3.0000000000000000        178.70455082707255        56.120721053382489        20.394656596585346        18.303203398516668       0.60668994590372738        1.1311918428698309     
   3.1000000000000001        178.76948792016188        56.717460996326956        20.631339275160819        18.704203304511079       0.69989308747199841        1.1594227164821880     
   3.2000000000000002        178.69261714105394        57.245445418185362        20.840562446262101        19.068198164647331       0.79094811945036869        1.1876510859882135     
   3.3000000000000003        178.49713883881893        57.709658898642466        21.023973261282329        19.396404255451603       0.87944407748083575        1.2157144675481515     
   3.4000000000000004        178.20288224951364        58.114696261313036        21.209090325872957        19.690243637053815       0.96503134684344272        1.2434644151995813     
   3.5000000000000000        177.82671747747827        58.464811400959739        21.573478920901483        19.951298582973909        1.0474205741362335        1.2707669870552512     
   3.6000000000000001        177.38295069866774        58.763963585251666        21.910590639841896        20.181268765143919        1.1263808870768581        1.2975026940791625     
   3.7000000000000002        176.88369493065917        59.015858095741471        22.221004654940987        20.381931923411567        1.2017373976840562        1.3235662145054263     
   3.8000000000000003        176.33920415882221        59.223976499739216        22.505420539001516        20.555108294106077        1.2733678503210655        1.3488660798454095     
   3.9000000000000004        175.75816239412336        59.391594091693797        22.764642147461036        20.702628913692628        1.3411983275574040        1.3733244042167605     
   4.0000000000000000        175.14792776697990        59.521786359117328        22.999554897924245        20.826308023372437        1.4051981187638525        1.3968766124771101     
   4.1000000000000005        174.51473829207188        59.617429745901539        23.211100297092475        20.927919935819535        1.4653740602370697        1.4194710629699241     
   4.2000000000000002        173.86388759355020        59.681202783490086        23.400251974195601        21.009180681936783        1.5217647571805839        1.4410684609839655     
   4.2999999999999998        173.19987697318547        59.715591944462254        23.567996396859034        21.071734502398755        1.5744350633663196        1.4616410022656801     
   4.4000000000000004        172.52654705917863        59.722903590154154        23.715319569060643        21.117144899514876        1.6234710666940944        1.4811712487347013     
   4.5000000000000000        171.84718987592819        59.705280691886607        23.843199251513607        21.146889669513648        1.6689756853577313        1.4996508010163587     
   4.6000000000000005        171.16464161326613        59.664721644649227        23.952601225150335        21.162359172773741        1.7110648786438045        1.5170788791217480     
   4.7000000000000002        170.48135733369483        59.603098554420008        24.044477932258662        21.164857054817542        1.7498644315270930        1.5334609410649962     
   4.8000000000000007        169.79947016716403        59.522173278578755        24.119768182803245        21.155602654514514        1.7855072623613717        1.5488074531293821     
   4.9000000000000004        169.12083826259777        59.423610536469504        24.179397123644634        21.135734402956874        1.8181312016631586        1.5631328798527757     
   5.0000000000000000        168.44708265258379        59.308988150342749        24.224276078790524        21.106313632406451        1.8478771838898267        1.5764549026446597     
   5.1000000000000005        167.77961851727574        59.179804823867840        24.255302102557000        21.068328384646371        1.8748877849685579        1.5887938240770276     
   5.2000000000000002        167.11968154615309        59.134082613883294        24.273357190586768        21.022697009462711        1.8993060342544636        1.6001720872031506     
   5.3000000000000007        166.46835050153416        59.126559416654459        24.279307141302066        20.970271527006616        1.9212744350200579        1.6106138419043401     
   5.4000000000000004        165.82656674673177        59.102560556621079        24.274000096677209        20.911840841906415        1.9409341398451112        1.6201445167215911     
   5.5000000000000000        165.19515129925625        59.063344346364410        24.258264824296926        20.848133921555661        1.9584242405097689        1.6287903895420446     
   5.6000000000000005        164.57481980178420        59.010117360108616        24.232908827764163        20.779823006178400        1.9738811429111105        1.6365781774470931     
   5.7000000000000002        163.96619565488848        58.944037315951448        24.198716386497711        20.707526849308056        1.9874380072465909        1.6435346751238069     
   5.8000000000000007        163.36982145202938        58.866215127347537        24.156446628825179        20.631813936602363        1.9992242449595761        1.6496864629317927     
   5.9000000000000004        162.78616881563767        58.777716269630609        24.106831734550386        20.553205617949075        2.0093650770187952        1.6550596890184299     
   6.0000000000000000        162.21564673855823        58.679561621097868        24.050575345279171        20.472179106841946        2.0179811693879830        1.6596799165392913     
   6.1000000000000005        161.65860855570341        58.572727929882547        23.988351234980041        20.389170332574043        2.0251883656624754        1.6635720251197021     
   6.2000000000000002        161.11535768260774        58.458148033631574        23.920802265055311        20.304576656208528        2.0310975305486410        1.6667601657621898     
   6.3000000000000007        160.58615225940977        58.336710930886433        23.848539624795336        20.218759471427308        2.0358145026044125        1.6692677839107732     
   6.4000000000000004        160.07120884260317        58.209261781957544        23.772142343993455        20.132046707220013        2.0394401362881487        1.6711177363648084     
   6.5000000000000000        159.57070529112215        58.076601904198561        23.692157059700246        20.044735237512352        2.0420703992478679        1.6723325259073216     
   6.6000000000000005        159.08478299888807        57.939488820174624        23.609098020438935        19.957093190348917        2.0437964863067442        1.6729346603065673     
   6.7000000000000002        158.61354862726208        57.798636412034170        23.523447313982604        19.869362140811784        2.0447049177137044        1.6729471140488781     
   6.8000000000000007        158.15707548540360        57.654715227566491        23.435655305147353        19.781759169853178        2.0448776024115443        1.6723938409215302     
   6.9000000000000004        157.71540468877521        57.508352969900663        23.346141266648733        19.694478776898357        2.0443918614464307        1.6713002635132097     
   7.0000000000000000        157.28854619970565        57.360135185507772        23.255294180536509        19.607694647920244        2.0433204170164045        1.6696936591345093     
   7.1000000000000005        156.87647982328781        57.210606147652982        23.163473682888451        19.521561300904366        2.0417313567949908        1.6676033728692548     
   7.2000000000000002        156.47915620712141        57.060269919621611        23.071011122647253        19.436215651497459        2.0396880823326202        1.6650608146718000     
   7.3000000000000007        156.09649787638244        56.909591575275421        22.978210707051016        19.351778553909249        2.0372492479902187        1.6620992321932460     
   7.4000000000000004        155.72840032635676        56.758998552883931        22.885350709803848        19.268356366843239        2.0344686965317513        1.6587532862777856     
   7.5000000000000000        155.37473318836439        56.608882119039656        22.792684722219906        19.186042567903055        2.0313954009256721        1.6550584841196778     
   7.6000000000000005        155.03534147934343        56.459598920783726        22.700442930842623        19.104919398103299        2.0280734282967647        1.6510505403651830     
   7.7000000000000002        154.71004693875150        56.311472604735961        22.608833407081516        19.025059474511746        2.0245419485567950        1.6467647368681482     
   7.8000000000000007        154.39864944887074        56.164795482139006        22.518043395752539        18.946527280357547        2.0208353136371420        1.6422353391159485     
   7.9000000000000004        154.10092852718748        56.019830218976530        22.428240590613601        18.869380440673940        2.0169832309353133        1.6374951064748688     
   8.0000000000000000        153.81664487458002        55.876811531728379        22.339574386580015        18.793670720230150        2.0130110459405781        1.6325749108618068     
   8.0999999999999996        153.54554196211950        55.735947872079173        22.252177100129312        18.719444729936090        2.0089401354787126        1.6275034602678138     
   8.2000000000000011        153.28734763911152        55.597423086566756        22.166165150982650        18.646744380302355        2.0047883975462937        1.6223071136218901     
   8.3000000000000007        153.04177574742482        55.461398039889524        22.081640199378693        18.575607156731429        2.0005708096695991        1.6170097726328776     
   8.4000000000000004        152.80852772779045        55.328012191929616        21.998690233912811        18.506066298829282        1.9963000178697698        1.6116328423135873     
   8.5000000000000000        152.58729420389787        55.197385119282671        21.917390605602378        18.438150944128651        1.9919869141876023        1.6061952605769245     
   8.5999999999999996        152.37775653060694        55.069617972983430        21.837805004830170        18.371886257562547        1.9876411625876862        1.6007136036254692     
   8.7000000000000011        152.17958829215598        54.944794865276812        21.759986379448446        18.307293530670496        1.9832716402180173        1.5952022738649598     
   8.8000000000000007        151.99245673933308        54.822984181122344        21.683977794468870        18.244390216323627        1.9788867721600731        1.5896737692377532     
   8.9000000000000004        151.81602415657372        54.704239813058642        21.609813235835038        18.183189873642426        1.9744947512789015        1.5841390188491367     
   9.0000000000000000        151.64994915385989        54.588602321438714        21.537518362483450        18.123702028961137        1.9701036486308976        1.5786077540145189     
   9.0999999999999996        151.49388788268158        54.476100024929188        21.467111211694043        18.065931997283407        1.9657214319907843        1.5730888721449952     
   9.2000000000000011        151.34749517803922        54.366750027475724        21.398602862472686        18.009880736960199        1.9613559184549487        1.5675907480664510     
   9.3000000000000007        151.21042563022525        54.260559187978181        21.331998060753861        17.955544815662137        1.9570146904481784        1.5621214554634819     
   9.4000000000000004        151.08233459028412        54.157525037699862        21.267295808836050        17.902916545111083        1.9527050025637855        1.5566888785433357     
   9.5000000000000000        150.96287911189768        54.057636648629845        21.204489920278501        17.851984302130553        1.9484337004502410        1.5513007161200212     
   9.6000000000000014        150.85171883078922        53.960875454275161        21.143569540734720        17.802733007257949        1.9442071642856009        1.5459644011764964     
   9.7000000000000011        150.74851678159450        53.867216023276264        21.084519634970960        17.755144693672907        1.9400312804498485        1.5406869731858732     
   9.8000000000000007        150.65294015055534        53.776626785591411        21.027321440588057        17.709199079894038        1.9359114377941560        1.5354749447587519     
   9.9000000000000004        150.56466096312590        53.689070711422403        20.971952889387964        17.664874064689588        1.9318525407172533        1.5303341981445266     
   10.000000000000000        150.48335670443754        53.604505943140431        20.918388997730926        17.622146089296251        1.9278590304582308        1.5252699332758943     
   10.100000000000001        150.40871087244162        53.522886381391906        20.866602227515632        17.580990350922029        1.9239349080212578        1.5202866720024102     
   10.200000000000001        150.34041346345700        53.444162226719648        20.816562819424824        17.541380889692935        1.9200837556045485        1.5153883080270922     
   10.300000000000001        150.27816139113907        53.368280478417262        20.768239099961175        17.503290597271505        1.9163087567367314        1.5105781827864035     
   10.400000000000000        150.22165884051853        53.295185392339114        20.721597763584999        17.466691203263785        1.9126127172605856        1.5058591656760796     
   10.500000000000000        150.17061755895924        53.224818899273224        20.676604131100213        17.431553286075196        1.9089980893591056        1.5012337216480831     
   10.600000000000001        150.12475708707811        53.157120985703180        20.633222385413934        17.397846334289525        1.9054669993429321        1.4967039575277374     
   10.700000000000001        150.08380493285637        53.092030038830664        20.591415785816665        17.365538861359006        1.9020212778176788        1.4922716471231574     
   10.800000000000001        150.04749669300278        53.029483158032669        20.551146862063408        17.334598557909008        1.8986624891517336        1.4879382416284361     
   10.900000000000000        150.01557612647085        52.969416435259710        20.512377589660485        17.304992456784909        1.8953919566019310        1.4837048745487826     
   11.000000000000000        149.98779518480865        52.911765206903944        20.475069547841791        17.276687086804426        1.8922107802265511        1.4795723694259186     
   11.100000000000001        149.96391400563610        52.856464280148337        20.439184061739379        17.249648599581981        1.8891198465085957        1.4755412551717575     
   11.200000000000001        149.94370087390240        52.803448136256328        20.404682330147836        17.223842865309614        1.8861198307312574        1.4716117895329666     
   11.300000000000001        149.92693215674944        52.752651113528970        20.371525540224869        17.199235543588859        1.8832111948685868        1.4677839877187524     
   11.400000000000000        149.91339221661786        52.704007572175300        20.339674970300280        17.175792141165498        1.8803941845345891        1.4640576515223547     
   11.500000000000000        149.90287330731414        52.657452043238571        20.309092081830087        17.153478068836744        1.8776688282381899        1.4604323945326469     
   11.600000000000001        149.89517545634001        52.612919363210999        20.279738601443487        17.132258705979467        1.8750349410502671        1.4569076607437061     
   11.700000000000001        149.89010633722984        52.570344796049390        20.251576593938633        17.112099475377420        1.8724921332877404        1.4534827361469844     
   11.800000000000001        149.88748113425595        52.529664143816525        20.224568527017261        17.092965925664139        1.8700398234553046        1.4501567548682492     
   11.900000000000000        149.88712240170878        52.490813847141986        20.198677328533073        17.074823815412646        1.8676772538319850        1.4469287025327360     
   12.000000000000000        149.88885991951054        52.453731076526971        20.173866436968702        17.057639192267253        1.8654035068771542        1.4437974196538648     
   12.100000000000001        149.89253054668558        52.418353815436170        20.150099845833736        17.041378462074263        1.8632175209618655        1.4407616071446929     
   12.200000000000001        149.89797807318249        52.384620935809728        20.127342142584148        17.026008445695954        1.8611181045688143        1.4378198349495179     
   12.300000000000001        149.90505307157801        52.352472266884867        20.105558542635119        17.011496423963884        1.8591039487776782        1.4349705537096746     
   12.400000000000000        149.91361274835180        52.321848657643699        20.084714918912159        16.997810173143030        1.8571736383405335        1.4322121086133075     
   12.500000000000000        149.92352079567405        52.292692033513951        20.064777827360928        16.984917994030752        1.8553256618690404        1.4295427542588817     
   12.600000000000001        149.93464724348883        52.264945447578896        20.045714528733388        16.972788737495090        1.8535584216125323        1.4269606694351158     
   12.700000000000001        149.94686831210038        52.238553126607805        20.027493006953041        16.961391828301871        1.8518702431076448        1.4244639710370677     
   12.800000000000001        149.96006626518823        52.213460512116093        20.010081984315804        16.950697287985328        1.8502593847441364        1.4220507267232898     
   12.900000000000000        149.97412926319450        52.189614296639512        19.993450933762134        16.940675756661783        1.8487240471139454        1.4197189662382363     
   13.000000000000000        149.98895121700431        52.166962455394660        19.977570088457547        16.931298513251331        1.8472623819382734        1.4174666915122791     
   13.100000000000001        150.00443164183355        52.145454273482109        19.962410448891241        16.922537493536719        1.8458725003933052        1.4152918857099410     
   13.200000000000001        150.02047551132964        52.125040368820088        19.947943787690967        16.914365305710902        1.8445524807423512        1.4131925213684962     
   13.300000000000001        150.03699311159659        52.105672710906788        19.934142652336092        16.906755243359289        1.8433003752814845        1.4111665677087462     
   13.400000000000000        150.05389989546239        52.087304635677590        19.920980365955103        16.899681296062958        1.8421142166821916        1.4092119971514225     
   13.500000000000000        150.07111633665943        52.069890856542067        19.908431026331264        16.893118157907747        1.8409920238449067        1.4073267910551914     
   13.600000000000001        150.08856778391439        52.053387471747619        19.896469503282603        16.887041234165846        1.8399318073705857        1.4055089447057763     
   13.700000000000001        150.10618431513245        52.037751968298011        19.885071434549044        16.881426646323664        1.8389315747244188        1.4037564716148219     
   13.800000000000001        150.12390059135848        52.022943222480649        19.874213220300327        16.876251235514072        1.8379893351249565        1.4020674072137638     
   13.900000000000000        150.14165571078021        52.008921497238305        19.863872016406638        16.871492564337508        1.8371031041604549        1.4004398120414787     
   14.000000000000000        150.15939306262223        51.995648436487016        19.854025726562565        16.867128917030229        1.8362709081169022        1.3988717745194990     
   14.100000000000001        150.17706018098067        51.983087056547788        19.844652993375181        16.863139297957908        1.8354907879990399        1.3973614133894561     
   14.200000000000001        150.19460859878686        51.971201734873809        19.835733188503045        16.859503428467054        1.8347608032341804        1.3959068798623868     
   14.300000000000001        150.21199370164928        51.959958196149351        19.827246401927340        16.856201742173699        1.8340790350576290        1.3945063595050797     
   14.400000000000000        150.22917458203065        51.949323495997994        19.819173430425483        16.853215378817286        1.8334435895915053        1.3931580738724445     
   14.500000000000000        150.24611389348266        51.939266002357755        19.811495765333202        16.850526176817471        1.8328526006313250        1.3918602818864840     
   14.600000000000001        150.26277770554569        51.929755374798141        19.804195579647114        16.848116664681775        1.8323042321606611        1.3906112809631392     
   14.700000000000001        150.27913535890454        51.920762541772909        19.797255714536220        16.845970051383574        1.8317966806086943        1.3894094078924701     
   14.800000000000001        150.29515932155778        51.912259676129331        19.790659665329745        16.844070215825425        1.8313281768673995        1.3882530394856218     
   14.900000000000000        150.31082504578379        51.904220168919949        19.784391567039375        16.842401695472141        1.8308969880794312        1.3871405930070893     
   15.000000000000000        150.32611082642987        51.896618601765262        19.778436179476554        16.840949674236246        1.8305014192087845        1.3860705264155613     
   15.100000000000001        150.34099766070605        51.889430717913477        19.772778872019895        16.839699969684517        1.8301398144038692        1.3850413384371949     
   15.200000000000001        150.35546910960059        51.882633392125818        19.767405608082392        16.838639019634858        1.8298105581638315        1.3840515684948975     
   15.300000000000001        150.36951116142555        51.876204599629908        19.762302929347367        16.837753868212719        1.8295120763194490        1.3830997965150911     
   15.400000000000000        150.38311209759942        51.870123384257006        19.757457939812625        16.837032151435317        1.8292428368399656        1.3821846426306887     
   15.500000000000000        150.39626236098792        51.864369825939214        19.752858289701440        16.836462082389517        1.8290013504769962        1.3813047667963660     
   15.600000000000001        150.40895442707509        51.858925007735046        19.748492159288130        16.836032436070436        1.8287861712572702        1.3804588683299275     
   15.700000000000001        150.42118267802169        51.853770982480604        19.744348242679628        16.835732533939932        1.8285958968336526        1.3796456853914087     
   15.800000000000001        150.43294328009424        51.848890739286297        19.740415731613616        16.835552228267723        1.8284291687053331        1.3788639944100594     
   15.900000000000000        150.44423406442854        51.844268169946766        19.736684299296087        16.835481886307171        1.8282846723152166        1.3781126094677061     
   16.000000000000000        150.45505441136694        51.839888035404357        19.733144084328281        16.835512374362157        1.8281611370336113        1.3773903816458342     
   16.100000000000001        150.46540513838158        51.835735932348712        19.729785674754389        16.835635041790301        1.8280573360354564        1.3766961983428518     
   16.199999999999999        150.47528839201721        51.831798260141234        19.726600092275422        16.835841704995705        1.8279720860803914        1.3760289825672058     
   16.300000000000001        150.48470754342537        51.828062188010826        19.723578776639428        16.836124631447959        1.8279042472012723        1.3753876922106798     
   16.400000000000002        150.49366708800113        51.824515622729372        19.720713570248943        16.836476523772308        1.8278527223096663        1.3747713193065394     
   16.500000000000000        150.50217254888349        51.821147176767006        19.717996703014826        16.836890503947060        1.8278164567249480        1.3741788892761599     
   16.600000000000001        150.51023038452132        51.817946137025274        19.715420777462239        16.837360097642421        1.8277944376334114        1.3736094601674491     
   16.699999999999999        150.51784790005968        51.814902434154128        19.712978754119582        16.837879218729501        1.8277856934833567        1.3730621218880585     
   16.800000000000001        150.52503316287775        51.812006612581833        19.710663937201637        16.838442153992247        1.8277892933230295        1.3725359954362992     
   16.900000000000002        150.53179492184680        51.809249801184961        19.708469960603068        16.839043548062961        1.8278043460856972        1.3720302321317714     
   17.000000000000000        150.53814253065087        51.806623684752502        19.706390774220203        16.839678388606536        1.8278299998283734        1.3715440128480951     
   17.100000000000001        150.54408587486378        51.804120476188963        19.704420630597280        16.840341991773577        1.8278654409289201        1.3710765472493593     
   17.199999999999999        150.54963530286204        51.801732889518256        19.702554071918684        16.841029987940320        1.8279098932463878        1.3706270730317545     
   17.300000000000001        150.55480156037223        51.799454113674010        19.700785917348924        16.841738307748965        1.8279626172492986        1.3701948551716359     
   17.400000000000002        150.55959572877919        51.797277787151678        19.699111250732766        16.842463168465560        1.8280229091164300        1.3697791851812098     
   17.500000000000000        150.56402916700350        51.795197973490666        19.697525408649632        16.843201060664796        1.8280900998142711        1.3693793803726442     
   17.600000000000001        150.56811345680234        51.793209137583780        19.696023968829515        16.843948735253349        1.8281635541548413        1.3689947831312466     
   17.699999999999999        150.57186035152961        51.791306122854472        19.694602738935529        16.844703190838210        1.8282426698375938        1.3686247601984904     
   17.800000000000001        150.57528172826423        51.789484129293704        19.693257745714320        16.845461661450901        1.8283268764795306        1.3682687019653812     
   17.900000000000002        150.57838954305728        51.787738692327828        19.691985224507125        16.846221604627704        1.8284156346357381        1.3679260217764611     
   18.000000000000000        150.58119578940332        51.786065662555849        19.690781609129242        16.846980689855130        1.8285084348147642        1.3675961552451030     
   18.100000000000001        150.58371245966242        51.784461186313656        19.689643522108302        16.847736787379031        1.8286047964906489        1.3672785595801324     
   18.199999999999999        150.58595150942534        51.782921687075934        19.688567765291346        16.848487957381337        1.8287042671152178        1.3669727129243585     
   18.300000000000001        150.58792482473936        51.781443847698633        19.687551310797975        16.849232439523565        1.8288064211326658        1.3666781137050115     
   18.400000000000002        150.58964419189158        51.780024593425203        19.686591292328462        16.849968642856368        1.8289108589987451        1.3663942799963973     
   18.500000000000000        150.59112126985517        51.778661075718013        19.685684996821511        16.850695136092153        1.8290172062069117        1.3661207488950193     
   18.600000000000001        150.59236756533787        51.777350656897475        19.684829856454495        16.851410638242612        1.8291251123240471        1.3658570759073450     
   18.699999999999999        150.59339440988032        51.776090895446600        19.684023440961369        16.852114009610041        1.8292342500358127        1.3656028343499351     
   18.800000000000001        150.59421293945019        51.774879532141476        19.683263450303183        16.852804243134578        1.8293443142054588        1.3653576147626780     
   18.900000000000002        150.59483407614596        51.773714476882354        19.682547707641959        16.853480456090718        1.8294550209466298        1.3651210243347622     
   19.000000000000000        150.59526851180942        51.772593796192446        19.681874152629931        16.854141882125298        1.8295661067111963        1.3648926863433677     
   19.100000000000001        150.59552669362341        51.771515701414025        19.681240835003447        16.854787863632964        1.8296773273940219        1.3646722396053663     
   19.200000000000003        150.59561881162986        51.770478537591885        19.680645908476656        16.855417844463162        1.8297884574557182        1.3644593379419161     
   19.300000000000001        150.59555478776429        51.769480772928340        19.680087624912353        16.856031362948922        1.8298992890638370        1.3642536496557747     
   19.400000000000002        150.59534426667514        51.768520988906012        19.679564328783854        16.856628045253064        1.8300096312540186        1.3640548570216053     
   19.500000000000000        150.59499660798110        51.767597870971649        19.679074451898966        16.857207599022907        1.8301193091113874        1.3638626557889189     
   19.600000000000001        150.59452088005904        51.766710199817304        19.678616508384575        16.857769807346099        1.8302281629731625        1.3636767546978150     
   19.700000000000003        150.59392585499441        51.765856843160257        19.678189089927798        16.858314522997297        1.8303360476522532        1.3634968750071941     
   19.800000000000001        150.59322000502155        51.765036748116053        19.677790861264487        16.858841662972306        1.8304428316838635        1.3633227500358274     
   19.900000000000002        150.59241149995134        51.764248934020749        19.677420555892777        16.859351203295617        1.8305483965935094        1.3631541247155743     
   20.000000000000000        150.59150820583218        51.763492485777327        19.677076972022249        16.859843174097648        1.8306526361881070        1.3629907551570986     
