Info    : Running 'gmsh -2 -order 2 -algo front2d -o mesh_inlet.msh mesh_inlet.geo' [Gmsh 4.11.1, 1 node, max. 1 thread]
Info    : Started on Wed Sep 23 14:34:27 2026
Info    : Reading 'mesh_inlet.geo'...
Info    : Reading 'mesh_inlet_2D_bc.igo'...
Info    : Done reading 'mesh_inlet_2D_bc.igo'
Info    : Done reading 'mesh_inlet.geo'
Info    : Reconstructing periodicity for curve connection 2 - 4
Info    : Meshing 1D...
Info    : [  0%] Meshing curve 1 (Line)
Info    : [ 50%] Meshing curve 3 (Line)
Info    : [ 80%] Meshing curve 4 (Line)
Info    : [100%] Meshing curve 2 (Line) as a copy of curve 4
Info    : Done meshing 1D (Wall 0.00106513s, CPU 0.000197s)
Info    : Meshing 2D...
Info    : Meshing surface 1 (Plane, Frontal-Delaunay)
Info    : Done meshing 2D (Wall 0.00281607s, CPU 0.001747s)
Info    : Meshing order 2 (curvilinear on)...
Info    : [  0%] Meshing curve 1 order 2
Info    : [ 20%] Meshing curve 2 order 2
Info    : [ 40%] Meshing curve 3 order 2
Info    : [ 60%] Meshing curve 4 order 2
Info    : [ 80%] Meshing surface 1 order 2
Info    : Surface mesh: worst distortion = 1 (0 elements in ]0, 0.2]); worst gamma = 0.882699
Info    : Done meshing order 2 (Wall 0.0045332s, CPU 0.000655s)
Info    : Reconstructing periodicity for curve connection 2 - 4
Info    : 545 nodes 296 elements
Info    : Writing 'mesh_inlet.msh'...
Info    : Done writing 'mesh_inlet.msh'
Info    : Stopped on Wed Sep 23 14:34:27 2026 (From start: Wall 0.024823s, CPU 0.053523s)
